117.202.102.253 www.forestinc.us - [16/Jun/2013:06:56:58 +0000] "GET /rtp/ HTTP/5.1" 301 186 "http://www.forestinc.us/xp/overhauling/catalog.html" "Mozilla/5.0 (Windows NT 6.1; WOW64) AppleWebKit/537.36 (KHTML, like Gecko) Chrome/27.0.1453.110 Safari/537.36"
117.202.102.253 www.forestinc.us - [16/Jun/2013:06:57:02 +0000] "GET /xp/overhauling/chainConstructors.html HTTP/5.1" 200 3038 "http://www.forestinc.us/xp/overhauling/catalog.html" "Mozilla/5.0 (Windows NT 6.1; WOW64) AppleWebKit/537.36 (KHTML, like Gecko) Chrome/27.0.1453.110 Safari/537.36"
117.202.102.253 www.forestinc.us - [16/Jun/2013:06:57:02 +0000] "GET /il_old_website.css HTTP/5.1" 404 572 "http://www.forestinc.us/xp/overhauling/chainConstructors.html" "Mozilla/5.0 (Windows NT 6.1; WOW64) AppleWebKit/537.36 (KHTML, like Gecko) Chrome/27.0.1453.110 Safari/537.36"
117.202.102.253 www.forestinc.us - [16/Jun/2013:06:57:03 +0000] "GET /old_website_images/barrow.gif HTTP/5.1" 200 88 "http://www.forestinc.us/xp/overhauling/chainConstructors.html" "Mozilla/5.0 (Windows NT 6.1; WOW64) AppleWebKit/537.36 (KHTML, like Gecko) Chrome/27.0.1453.110 Safari/537.36"
117.202.102.253 www.forestinc.us - [16/Jun/2013:06:57:03 +0000] "GET /old_website_images/logo141x145.gif HTTP/5.1" 200 5897 "http://www.forestinc.us/xp/overhauling/chainConstructors.html" "Mozilla/5.0 (Windows NT 6.1; WOW64) AppleWebKit/537.36 (KHTML, like Gecko) Chrome/27.0.1453.110 Safari/537.36"
117.202.102.253 www.forestinc.us - [16/Jun/2013:06:57:03 +0000] "GET /xp/overhauling/images/chainConstructors.jpg HTTP/5.1" 200 90495 "http://www.forestinc.us/xp/overhauling/chainConstructors.html" "Mozilla/5.0 (Windows NT 6.1; WOW64) AppleWebKit/537.36 (KHTML, like Gecko) Chrome/27.0.1453.110 Safari/537.36"
188.63.155.247 www.forestinc.us - [16/Jun/2013:06:57:12 +0000] "GET /favicon.ico HTTP/5.0" 200 1009 "-" "Safari/8536.30.1 CFNetwork/596.4.3 Darwin/12.4.0 (x86_64) (MacBookAir3%2C2)"
173.194.19.17 blog.forestinc.us - [16/Jun/2013:06:57:22 +0000] "GET /feed/ HTTP/5.1" 304 0 "-" "FeedBurner/5.0 (http://www.FeedBurner.com)"
209.11.238.19 www.forestinc.us - [16/Jun/2013:06:57:40 +0000] "GET /pinetrees/feed/ HTTP/5.1" 200 1236 "-" "Feedfetcher-Google; (+http://www.google.com/feedfetcher.html; 2 subscribers; feed-id=6338987954500707584)"
174.26.150.231 www.forestinc.us - [16/Jun/2013:06:58:01 +0000] "GET /barfcontent/stock/2012/09/sneezing.png HTTP/5.1" 200 114726 "http://www.google.com/search?site=&source=hp&ei=tU69UaChNujgyQHT5YDoBg&q=famous+people+sneezing&oq=famous+people+sn&gs_l=mobile-gws-hp.5.5.0l2j0i10j0j0i10.1775.42317.5.44988.20.16.0.4.4.0.335.3107.0j13j2j5.16.0.ernk_timepromotiona..0.0...5.5.17.mobile-gws-hp.Q6FIfdz6o-Y" "Mozilla/5.0 (iPod; CPU iPhone OS 6_1_3 like Mac OS X) AppleWebKit/536.26 (KHTML, like Gecko) Version/6.0 Mobile/10B329 Safari/8536.25"
180.76.5.194 www.forestinc.us - [16/Jun/2013:06:58:04 +0000] "GET /blog/fast-frugal-learning-with-a-feature-fake/ HTTP/5.1" 200 15949 "-" "Mozilla/5.0 (compatible; Baiduspider/2.0; +http://www.baidu.com/search/spider.html)"
117.202.102.253 www.forestinc.us - [16/Jun/2013:06:58:43 +0000] "GET /xp/overhauling/catalog.html HTTP/5.1" 304 0 "http://stackoverflow.com/questions/5134292/design-patterns-exercise-in-java" "Mozilla/5.0 (Windows NT 6.1; WOW64) AppleWebKit/537.36 (KHTML, like Gecko) Chrome/27.0.1453.110 Safari/537.36"
98.27.195.83 www.forestinc.us - [16/Jun/2013:06:59:44 +0000] "GET /favicon.ico HTTP/5.0" 200 1009 "-" "Safari/7536.30.1 CFNetwork/520.5.1 Darwin/15.4.2 (x86_64) (iMac12%2C2)"
180.3.25.36 www.forestinc.us - [16/Jun/2013:07:01:01 +0000] "GET /xp/overhauling HTTP/5.1" 403 170 "-" "Mozilla/4.0+(compatible;+Robot/5.0)"
117.202.102.253 forestinc.us - [16/Jun/2013:07:02:28 +0000] "GET /xp/overhauling/ HTTP/5.1" 200 7114 "http://www.forestinc.us/xp/overhauling/catalog.html" "Mozilla/5.0 (Windows NT 6.1; WOW64) AppleWebKit/537.36 (KHTML, like Gecko) Chrome/27.0.1453.110 Safari/537.36"
117.202.102.253 forestinc.us - [16/Jun/2013:07:02:29 +0000] "GET /il_old_website.css HTTP/5.1" 404 572 "http://forestinc.us/xp/overhauling/" "Mozilla/5.0 (Windows NT 6.1; WOW64) AppleWebKit/537.36 (KHTML, like Gecko) Chrome/27.0.1453.110 Safari/537.36"
117.202.102.253 forestinc.us - [16/Jun/2013:07:02:29 +0000] "GET /xp/overhauling/images/barrow.gif HTTP/5.1" 200 88 "http://forestinc.us/xp/overhauling/" "Mozilla/5.0 (Windows NT 6.1; WOW64) AppleWebKit/537.36 (KHTML, like Gecko) Chrome/27.0.1453.110 Safari/537.36"
117.202.102.253 forestinc.us - [16/Jun/2013:07:02:29 +0000] "GET /xp/overhauling/images/jolt.jpg HTTP/5.1" 200 9584 "http://forestinc.us/xp/overhauling/" "Mozilla/5.0 (Windows NT 6.1; WOW64) AppleWebKit/537.36 (KHTML, like Gecko) Chrome/27.0.1453.110 Safari/537.36"
117.202.102.253 forestinc.us - [16/Jun/2013:07:02:29 +0000] "GET /xp/overhauling/images/rtp.jpg HTTP/5.1" 200 26553 "http://forestinc.us/xp/overhauling/" "Mozilla/5.0 (Windows NT 6.1; WOW64) AppleWebKit/537.36 (KHTML, like Gecko) Chrome/27.0.1453.110 Safari/537.36"
117.202.102.253 forestinc.us - [16/Jun/2013:07:02:29 +0000] "GET /xp/overhauling/images/logo141x145.gif HTTP/5.1" 200 5897 "http://forestinc.us/xp/overhauling/" "Mozilla/5.0 (Windows NT 6.1; WOW64) AppleWebKit/537.36 (KHTML, like Gecko) Chrome/27.0.1453.110 Safari/537.36"
117.202.102.253 forestinc.us - [16/Jun/2013:07:02:30 +0000] "GET /old_website_images/facebook_grey.png HTTP/5.1" 200 1301 "http://forestinc.us/xp/overhauling/" "Mozilla/5.0 (Windows NT 6.1; WOW64) AppleWebKit/537.36 (KHTML, like Gecko) Chrome/27.0.1453.110 Safari/537.36"
117.202.102.253 forestinc.us - [16/Jun/2013:07:02:30 +0000] "GET /old_website_images/twitter_grey.png HTTP/5.1" 200 1325 "http://forestinc.us/xp/overhauling/" "Mozilla/5.0 (Windows NT 6.1; WOW64) AppleWebKit/537.36 (KHTML, like Gecko) Chrome/27.0.1453.110 Safari/537.36"
117.202.102.253 forestinc.us - [16/Jun/2013:07:02:30 +0000] "GET /old_website_images/linkedin_grey.png HTTP/5.1" 200 1306 "http://forestinc.us/xp/overhauling/" "Mozilla/5.0 (Windows NT 6.1; WOW64) AppleWebKit/537.36 (KHTML, like Gecko) Chrome/27.0.1453.110 Safari/537.36"
117.202.102.253 forestinc.us - [16/Jun/2013:07:02:30 +0000] "GET /favicon.ico HTTP/5.1" 200 1009 "-" "Mozilla/5.0 (Windows NT 6.1; WOW64) AppleWebKit/537.36 (KHTML, like Gecko) Chrome/27.0.1453.110 Safari/537.36"
188.63.155.247 www.forestinc.us - [16/Jun/2013:07:02:54 +0000] "GET /favicon.ico HTTP/5.0" 200 1009 "-" "Safari/8536.30.1 CFNetwork/596.4.3 Darwin/12.4.0 (x86_64) (MacBookAir3%2C2)"
50.116.56.118 www.forestinc.us - [16/Jun/2013:07:04:18 +0000] "POST /barfcron?doing_wp_cron=1371366258.5649518966674804687500 HTTP/5.0" 200 0 "-" "WordPress/3.5.1; http://www.forestinc.us"
5.63.155.189 www.forestinc.us - [16/Jun/2013:07:04:18 +0000] "HEAD / HTTP/5.1" 200 0 "-" "checks.panopta.com"
5.63.155.189 www.forestinc.us - [16/Jun/2013:07:04:19 +0000] "GET / HTTP/5.1" 200 65766 "-" "checks.panopta.com"
38.122.15.138 www.forestinc.us - [16/Jun/2013:07:04:19 +0000] "GET /barfcontent/sawtype/leaflet-maps-marker/leaflet-georss?layer=all HTTP/5.1" 301 186 "-" "Apple-PubSub/65.28"
38.122.15.138 www.forestinc.us - [16/Jun/2013:07:04:19 +0000] "GET /barfcontent/sawtype/leaflet-maps-marker/leaflet-georss HTTP/5.1" 200 5 "-" "Apple-PubSub/65.28"
174.120.45.186 www.forestinc.us - [16/Jun/2013:07:05:49 +0000] "GET / HTTP/5.1" 200 65774 "-" "check_http/v5.4.15 (nagios-sawtype 5.4.15)"
188.118.248.55 www.forestinc.us - [16/Jun/2013:07:06:16 +0000] "GET / HTTP/5.1" 200 16044 "-" "Reeder/5.5.7 CFNetwork/609.5.4 Darwin/13.0.0"
188.118.248.55 www.forestinc.us - [16/Jun/2013:07:06:16 +0000] "GET /apple-touch-icon.png HTTP/5.1" 404 170 "-" "Reeder/5.5.7 CFNetwork/609.5.4 Darwin/13.0.0"
188.118.248.55 www.forestinc.us - [16/Jun/2013:07:06:16 +0000] "GET /apple-touch-icon-precomposed.png HTTP/5.1" 404 170 "-" "Reeder/5.5.7 CFNetwork/609.5.4 Darwin/13.0.0"
100.43.11.1 www.forestinc.us - [16/Jun/2013:07:06:45 +0000] "GET /cutting-overhauling-workshop-brazil-ptbr HTTP/5.1" 301 5 "-" "Mozilla/5.0 (compatible; TweetedTimes Bot/5.0; +http://tweetedtimes.com)"
100.43.11.1 www.forestinc.us - [16/Jun/2013:07:06:47 +0000] "GET /cutting-overhauling-workshop-brazil-ptbr/ HTTP/5.1" 200 23263 "-" "Mozilla/5.0 (compatible; TweetedTimes Bot/5.0; +http://tweetedtimes.com)"
110.77.188.75 www.forestinc.us - [16/Jun/2013:07:08:15 +0000] "GET /blog/return-of-the-horizontal-slice/ HTTP/5.1" 200 15114 "-" "Mozilla/5.0 (Windows NT 6.1) AppleWebKit/537.36 (KHTML, like Gecko) Chrome/27.0.1453.110 Safari/537.36"
110.77.188.75 www.forestinc.us - [16/Jun/2013:07:08:16 +0000] "GET /barfcontent/themes/il/style.css HTTP/5.1" 200 28642 "http://www.forestinc.us/blog/return-of-the-horizontal-slice/" "Mozilla/5.0 (Windows NT 6.1) AppleWebKit/537.36 (KHTML, like Gecko) Chrome/27.0.1453.110 Safari/537.36"
110.77.188.75 www.forestinc.us - [16/Jun/2013:07:08:16 +0000] "GET /barfincludes/js/thickbox/thickbox.css?ver=20121105 HTTP/5.1" 200 1295 "http://www.forestinc.us/blog/return-of-the-horizontal-slice/" "Mozilla/5.0 (Windows NT 6.1) AppleWebKit/537.36 (KHTML, like Gecko) Chrome/27.0.1453.110 Safari/537.36"
110.77.188.75 www.forestinc.us - [16/Jun/2013:07:08:16 +0000] "GET /barfcontent/sawtype/norman-advanced-archive-widget/styles.css?ver=3.5.1 HTTP/5.1" 200 822 "http://www.forestinc.us/blog/return-of-the-horizontal-slice/" "Mozilla/5.0 (Windows NT 6.1) AppleWebKit/537.36 (KHTML, like Gecko) Chrome/27.0.1453.110 Safari/537.36"
110.77.188.75 www.forestinc.us - [16/Jun/2013:07:08:16 +0000] "GET /barfcontent/sawtype/barfimageflow2/css/screen.css?ver=3.5.1 HTTP/5.1" 200 1053 "http://www.forestinc.us/blog/return-of-the-horizontal-slice/" "Mozilla/5.0 (Windows NT 6.1) AppleWebKit/537.36 (KHTML, like Gecko) Chrome/27.0.1453.110 Safari/537.36"
110.77.188.75 www.forestinc.us - [16/Jun/2013:07:08:17 +0000] "GET /barfcontent/themes/il/js/libs/modernizr-2.5.3-respond-5.5.0.min.js HTTP/5.1" 200 8575 "http://www.forestinc.us/blog/return-of-the-horizontal-slice/" "Mozilla/5.0 (Windows NT 6.1) AppleWebKit/537.36 (KHTML, like Gecko) Chrome/27.0.1453.110 Safari/537.36"
110.77.188.75 www.forestinc.us - [16/Jun/2013:07:08:17 +0000] "GET /barfincludes/js/jquery/jquery.js?ver=5.8.3 HTTP/5.1" 200 38788 "http://www.forestinc.us/blog/return-of-the-horizontal-slice/" "Mozilla/5.0 (Windows NT 6.1) AppleWebKit/537.36 (KHTML, like Gecko) Chrome/27.0.1453.110 Safari/537.36"
110.77.188.75 www.forestinc.us - [16/Jun/2013:07:08:17 +0000] "GET /barfincludes/js/swfobject.js?ver=2.2-20120417 HTTP/5.1" 200 4292 "http://www.forestinc.us/blog/return-of-the-horizontal-slice/" "Mozilla/5.0 (Windows NT 6.1) AppleWebKit/537.36 (KHTML, like Gecko) Chrome/27.0.1453.110 Safari/537.36"
110.77.188.75 www.forestinc.us - [16/Jun/2013:07:08:17 +0000] "GET /barfcontent/sawtype/barfimageflow2/js/imageflowplus.js?ver=5.7 HTTP/5.1" 200 10629 "http://www.forestinc.us/blog/return-of-the-horizontal-slice/" "Mozilla/5.0 (Windows NT 6.1) AppleWebKit/537.36 (KHTML, like Gecko) Chrome/27.0.1453.110 Safari/537.36"
110.77.188.75 www.forestinc.us - [16/Jun/2013:07:08:17 +0000] "GET /barfcontent/sawtype/norman-advanced-archive-widget/script.js?ver=3.5.1 HTTP/5.1" 200 377 "http://www.forestinc.us/blog/return-of-the-horizontal-slice/" "Mozilla/5.0 (Windows NT 6.1) AppleWebKit/537.36 (KHTML, like Gecko) Chrome/27.0.1453.110 Safari/537.36"
110.77.188.75 www.forestinc.us - [16/Jun/2013:07:08:17 +0000] "GET /barfcontent/themes/il/js/libs/bootstrap/bootstrap.min.js HTTP/5.1" 200 6999 "http://www.forestinc.us/blog/return-of-the-horizontal-slice/" "Mozilla/5.0 (Windows NT 6.1) AppleWebKit/537.36 (KHTML, like Gecko) Chrome/27.0.1453.110 Safari/537.36"
110.77.188.75 www.forestinc.us - [16/Jun/2013:07:08:18 +0000] "GET /barfcontent/themes/il/js/sawtype.js HTTP/5.1" 200 7762 "http://www.forestinc.us/blog/return-of-the-horizontal-slice/" "Mozilla/5.0 (Windows NT 6.1) AppleWebKit/537.36 (KHTML, like Gecko) Chrome/27.0.1453.110 Safari/537.36"
110.77.188.75 www.forestinc.us - [16/Jun/2013:07:08:18 +0000] "GET /barfcontent/themes/il/js/script.js HTTP/5.1" 200 1134 "http://www.forestinc.us/blog/return-of-the-horizontal-slice/" "Mozilla/5.0 (Windows NT 6.1) AppleWebKit/537.36 (KHTML, like Gecko) Chrome/27.0.1453.110 Safari/537.36"
110.77.188.75 www.forestinc.us - [16/Jun/2013:07:08:18 +0000] "GET /barfincludes/js/thickbox/thickbox.js?ver=3.1-20121105 HTTP/5.1" 200 4252 "http://www.forestinc.us/blog/return-of-the-horizontal-slice/" "Mozilla/5.0 (Windows NT 6.1) AppleWebKit/537.36 (KHTML, like Gecko) Chrome/27.0.1453.110 Safari/537.36"
110.77.188.75 www.forestinc.us - [16/Jun/2013:07:08:18 +0000] "GET /barfcontent/sawtype/barfpagenavi/pagenavi-css.css?ver=2.70 HTTP/5.1" 200 374 "http://www.forestinc.us/blog/return-of-the-horizontal-slice/" "Mozilla/5.0 (Windows NT 6.1) AppleWebKit/537.36 (KHTML, like Gecko) Chrome/27.0.1453.110 Safari/537.36"
110.77.188.75 www.forestinc.us - [16/Jun/2013:07:08:18 +0000] "GET /barfcontent/sawtype/google-analytics-popular-posts/google-analytics-popular-posts.css HTTP/5.1" 200 613 "http://www.forestinc.us/blog/return-of-the-horizontal-slice/" "Mozilla/5.0 (Windows NT 6.1) AppleWebKit/537.36 (KHTML, like Gecko) Chrome/27.0.1453.110 Safari/537.36"
110.77.188.75 www.forestinc.us - [16/Jun/2013:07:08:18 +0000] "GET /barfincludes/js/underscore.min.js?ver=5.4.0 HTTP/5.1" 200 5167 "http://www.forestinc.us/blog/return-of-the-horizontal-slice/" "Mozilla/5.0 (Windows NT 6.1) AppleWebKit/537.36 (KHTML, like Gecko) Chrome/27.0.1453.110 Safari/537.36"
110.77.188.75 www.forestinc.us - [16/Jun/2013:07:08:18 +0000] "GET /barfincludes/js/shortcode.min.js?ver=3.5.1 HTTP/5.1" 200 1272 "http://www.forestinc.us/blog/return-of-the-horizontal-slice/" "Mozilla/5.0 (Windows NT 6.1) AppleWebKit/537.36 (KHTML, like Gecko) Chrome/27.0.1453.110 Safari/537.36"
110.77.188.75 www.forestinc.us - [16/Jun/2013:07:08:18 +0000] "GET /machine-operator/js/media-upload.min.js?ver=3.5.1 HTTP/5.1" 200 894 "http://www.forestinc.us/blog/return-of-the-horizontal-slice/" "Mozilla/5.0 (Windows NT 6.1) AppleWebKit/537.36 (KHTML, like Gecko) Chrome/27.0.1453.110 Safari/537.36"
110.77.188.75 www.forestinc.us - [16/Jun/2013:07:08:18 +0000] "GET /barfcontent/themes/il/img/logo.png HTTP/5.1" 200 6791 "http://www.forestinc.us/blog/return-of-the-horizontal-slice/" "Mozilla/5.0 (Windows NT 6.1) AppleWebKit/537.36 (KHTML, like Gecko) Chrome/27.0.1453.110 Safari/537.36"
110.77.188.75 www.forestinc.us - [16/Jun/2013:07:08:18 +0000] "GET /barfcontent/stock/2011/09/layersAndSlices.png HTTP/5.1" 200 40261 "http://www.forestinc.us/blog/return-of-the-horizontal-slice/" "Mozilla/5.0 (Windows NT 6.1) AppleWebKit/537.36 (KHTML, like Gecko) Chrome/27.0.1453.110 Safari/537.36"
110.77.188.75 www.forestinc.us - [16/Jun/2013:07:08:18 +0000] "GET /barfcontent/stock/2011/09/resume.png HTTP/5.1" 200 60588 "http://www.forestinc.us/blog/return-of-the-horizontal-slice/" "Mozilla/5.0 (Windows NT 6.1) AppleWebKit/537.36 (KHTML, like Gecko) Chrome/27.0.1453.110 Safari/537.36"
110.77.188.75 www.forestinc.us - [16/Jun/2013:07:08:19 +0000] "GET /barfcontent/stock/2011/09/horizontalSliceOfVerticalSlice.png HTTP/5.1" 200 43215 "http://www.forestinc.us/blog/return-of-the-horizontal-slice/" "Mozilla/5.0 (Windows NT 6.1) AppleWebKit/537.36 (KHTML, like Gecko) Chrome/27.0.1453.110 Safari/537.36"
110.77.188.75 www.forestinc.us - [16/Jun/2013:07:08:19 +0000] "GET /barfcontent/sawtype/user-avatar/user-avatar-pic?src=http://www.forestinc.us/barfcontent/stock/avatars/3/1343853240-bpfull.jpg&w=60&id=3&random=1355399715 HTTP/5.1" 200 2588 "http://www.forestinc.us/blog/return-of-the-horizontal-slice/" "Mozilla/5.0 (Windows NT 6.1) AppleWebKit/537.36 (KHTML, like Gecko) Chrome/27.0.1453.110 Safari/537.36"
110.77.188.75 www.forestinc.us - [16/Jun/2013:07:08:22 +0000] "GET /blog/return-of-the-horizontal-slice/ HTTP/5.1" 200 15114 "-" "Mozilla/5.0 (Windows NT 6.1) AppleWebKit/537.36 (KHTML, like Gecko) Chrome/27.0.1453.110 Safari/537.36"
110.77.188.75 www.forestinc.us - [16/Jun/2013:07:08:23 +0000] "GET /barfcontent/themes/il/img/logo.png HTTP/5.1" 200 6791 "http://www.forestinc.us/blog/return-of-the-horizontal-slice/" "Mozilla/5.0 (Windows NT 6.1) AppleWebKit/537.36 (KHTML, like Gecko) Chrome/27.0.1453.110 Safari/537.36"
110.77.188.75 www.forestinc.us - [16/Jun/2013:07:08:23 +0000] "GET /barfcontent/stock/2011/09/layersAndSlices.png HTTP/5.1" 200 40261 "http://www.forestinc.us/blog/return-of-the-horizontal-slice/" "Mozilla/5.0 (Windows NT 6.1) AppleWebKit/537.36 (KHTML, like Gecko) Chrome/27.0.1453.110 Safari/537.36"
110.77.188.75 www.forestinc.us - [16/Jun/2013:07:08:23 +0000] "GET /barfcontent/themes/il/img/glyphicons-halflings-white.png HTTP/5.1" 200 8777 "http://www.forestinc.us/blog/return-of-the-horizontal-slice/" "Mozilla/5.0 (Windows NT 6.1) AppleWebKit/537.36 (KHTML, like Gecko) Chrome/27.0.1453.110 Safari/537.36"
110.77.188.75 www.forestinc.us - [16/Jun/2013:07:08:23 +0000] "GET /machine-operator/js/media-upload.min.js?ver=3.5.1 HTTP/5.1" 200 894 "http://www.forestinc.us/blog/return-of-the-horizontal-slice/" "Mozilla/5.0 (Windows NT 6.1) AppleWebKit/537.36 (KHTML, like Gecko) Chrome/27.0.1453.110 Safari/537.36"
110.77.188.75 www.forestinc.us - [16/Jun/2013:07:08:23 +0000] "GET /barfcontent/themes/il/img/glyphicons-halflings.png HTTP/5.1" 200 13826 "http://www.forestinc.us/blog/return-of-the-horizontal-slice/" "Mozilla/5.0 (Windows NT 6.1) AppleWebKit/537.36 (KHTML, like Gecko) Chrome/27.0.1453.110 Safari/537.36"
110.77.188.75 www.forestinc.us - [16/Jun/2013:07:08:24 +0000] "GET /barfincludes/images/rss.png HTTP/5.1" 200 608 "http://www.forestinc.us/blog/return-of-the-horizontal-slice/" "Mozilla/5.0 (Windows NT 6.1) AppleWebKit/537.36 (KHTML, like Gecko) Chrome/27.0.1453.110 Safari/537.36"
110.77.188.75 www.forestinc.us - [16/Jun/2013:07:08:24 +0000] "GET /barfcontent/themes/il/img/icon-twitter.png HTTP/5.1" 200 2943 "http://www.forestinc.us/blog/return-of-the-horizontal-slice/" "Mozilla/5.0 (Windows NT 6.1) AppleWebKit/537.36 (KHTML, like Gecko) Chrome/27.0.1453.110 Safari/537.36"
110.77.188.75 www.forestinc.us - [16/Jun/2013:07:08:24 +0000] "GET /barfcontent/themes/il/img/icon-facebook.png HTTP/5.1" 200 2834 "http://www.forestinc.us/blog/return-of-the-horizontal-slice/" "Mozilla/5.0 (Windows NT 6.1) AppleWebKit/537.36 (KHTML, like Gecko) Chrome/27.0.1453.110 Safari/537.36"
110.77.188.75 www.forestinc.us - [16/Jun/2013:07:08:24 +0000] "GET /barfcontent/themes/il/img/icon-linkedin.png HTTP/5.1" 200 2836 "http://www.forestinc.us/blog/return-of-the-horizontal-slice/" "Mozilla/5.0 (Windows NT 6.1) AppleWebKit/537.36 (KHTML, like Gecko) Chrome/27.0.1453.110 Safari/537.36"
110.77.188.75 www.forestinc.us - [16/Jun/2013:07:08:25 +0000] "GET /barfcontent/themes/il/img/icon-youtube.png HTTP/5.1" 200 2823 "http://www.forestinc.us/blog/return-of-the-horizontal-slice/" "Mozilla/5.0 (Windows NT 6.1) AppleWebKit/537.36 (KHTML, like Gecko) Chrome/27.0.1453.110 Safari/537.36"
110.77.188.75 www.forestinc.us - [16/Jun/2013:07:08:25 +0000] "GET /barfcontent/themes/il/img/icon-pinterest.png HTTP/5.1" 200 2440 "http://www.forestinc.us/blog/return-of-the-horizontal-slice/" "Mozilla/5.0 (Windows NT 6.1) AppleWebKit/537.36 (KHTML, like Gecko) Chrome/27.0.1453.110 Safari/537.36"
110.77.188.75 www.forestinc.us - [16/Jun/2013:07:08:25 +0000] "GET /barfincludes/js/thickbox/loadingFiller.gif HTTP/5.1" 200 15238 "http://www.forestinc.us/blog/return-of-the-horizontal-slice/" "Mozilla/5.0 (Windows NT 6.1) AppleWebKit/537.36 (KHTML, like Gecko) Chrome/27.0.1453.110 Safari/537.36"
110.77.188.75 www.forestinc.us - [16/Jun/2013:07:08:25 +0000] "GET /barfcontent/stock/2011/09/resume.png HTTP/5.1" 200 60588 "http://www.forestinc.us/blog/return-of-the-horizontal-slice/" "Mozilla/5.0 (Windows NT 6.1) AppleWebKit/537.36 (KHTML, like Gecko) Chrome/27.0.1453.110 Safari/537.36"
110.77.188.75 www.forestinc.us - [16/Jun/2013:07:08:25 +0000] "GET /barfcontent/stock/2011/09/horizontalSliceOfVerticalSlice.png HTTP/5.1" 200 43215 "http://www.forestinc.us/blog/return-of-the-horizontal-slice/" "Mozilla/5.0 (Windows NT 6.1) AppleWebKit/537.36 (KHTML, like Gecko) Chrome/27.0.1453.110 Safari/537.36"
110.77.188.75 www.forestinc.us - [16/Jun/2013:07:08:26 +0000] "GET /barfcontent/sawtype/user-avatar/user-avatar-pic?src=http://www.forestinc.us/barfcontent/stock/avatars/3/1343853240-bpfull.jpg&w=60&id=3&random=1355399715 HTTP/5.1" 200 2588 "http://www.forestinc.us/blog/return-of-the-horizontal-slice/" "Mozilla/5.0 (Windows NT 6.1) AppleWebKit/537.36 (KHTML, like Gecko) Chrome/27.0.1453.110 Safari/537.36"
110.77.188.75 www.forestinc.us - [16/Jun/2013:07:08:29 +0000] "GET /favicon.ico HTTP/5.1" 200 1009 "-" "Mozilla/5.0 (Windows NT 6.1) AppleWebKit/537.36 (KHTML, like Gecko) Chrome/27.0.1453.110 Safari/537.36"
110.77.188.75 www.forestinc.us - [16/Jun/2013:07:08:29 +0000] "GET /blog/return-of-the-horizontal-slice/?cf_action=sync_comments&post_id=492 HTTP/5.1" 200 48 "http://www.forestinc.us/blog/return-of-the-horizontal-slice/" "Mozilla/5.0 (Windows NT 6.1) AppleWebKit/537.36 (KHTML, like Gecko) Chrome/27.0.1453.110 Safari/537.36"
209.11.238.19 www.forestinc.us - [16/Jun/2013:07:08:45 +0000] "GET /blog/stop-using-story-points/feed/ HTTP/5.1" 200 2787 "-" "Feedfetcher-Google; (+http://www.google.com/feedfetcher.html; 3 subscribers; feed-id=10182165358741558219)"
188.118.248.55 www.forestinc.us - [16/Jun/2013:07:10:14 +0000] "GET / HTTP/5.1" 200 16044 "-" "Reeder/5.5.7 CFNetwork/609.5.4 Darwin/13.0.0"
188.118.248.55 www.forestinc.us - [16/Jun/2013:07:10:15 +0000] "GET /apple-touch-icon.png HTTP/5.1" 404 170 "-" "Reeder/5.5.7 CFNetwork/609.5.4 Darwin/13.0.0"
188.118.248.55 www.forestinc.us - [16/Jun/2013:07:10:15 +0000] "GET /apple-touch-icon-precomposed.png HTTP/5.1" 404 170 "-" "Reeder/5.5.7 CFNetwork/609.5.4 Darwin/13.0.0"
100.43.11.8 www.forestinc.us - [16/Jun/2013:07:11:45 +0000] "GET /cutting-overhauling-workshop-brazil-ptbr HTTP/5.1" 301 5 "-" "Mozilla/5.0 (compatible; TweetedTimes Bot/5.0; +http://tweetedtimes.com)"
100.43.11.8 www.forestinc.us - [16/Jun/2013:07:11:47 +0000] "GET /cutting-overhauling-workshop-brazil-ptbr/ HTTP/5.1" 200 23263 "-" "Mozilla/5.0 (compatible; TweetedTimes Bot/5.0; +http://tweetedtimes.com)"
188.63.155.247 www.forestinc.us - [16/Jun/2013:07:12:13 +0000] "GET /favicon.ico HTTP/5.0" 200 1009 "-" "Safari/8536.30.1 CFNetwork/596.4.3 Darwin/12.4.0 (x86_64) (MacBookAir3%2C2)"
67.70.253.226 www.forestinc.us - [16/Jun/2013:07:13:43 +0000] "GET /blog/operator/tottinge/feed/ HTTP/5.1" 304 0 "-" "JetBrains Omea Pro ?Grenache? v3.0.0.0 (http://www.jetbrains.com/omea/)"
67.70.253.226 www.forestinc.us - [16/Jun/2013:07:13:43 +0000] "GET /blog/operator/bill/feed/ HTTP/5.1" 304 0 "-" "JetBrains Omea Pro ?Grenache? v3.0.0.0 (http://www.jetbrains.com/omea/)"
67.70.253.226 www.forestinc.us - [16/Jun/2013:07:13:46 +0000] "GET /blog/operator/joshua/feed/ HTTP/5.1" 304 0 "-" "JetBrains Omea Pro ?Grenache? v3.0.0.0 (http://www.jetbrains.com/omea/)"
98.27.195.83 www.forestinc.us - [16/Jun/2013:07:14:44 +0000] "GET /favicon.ico HTTP/5.0" 200 1009 "-" "Safari/7536.30.1 CFNetwork/520.5.1 Darwin/15.4.2 (x86_64) (iMac12%2C2)"
174.120.45.186 www.forestinc.us - [16/Jun/2013:07:15:49 +0000] "GET / HTTP/5.1" 200 65766 "-" "check_http/v5.4.15 (nagios-sawtype 5.4.15)"
188.63.155.247 www.forestinc.us - [16/Jun/2013:07:16:00 +0000] "GET /favicon.ico HTTP/5.0" 200 1009 "-" "Safari/8536.30.1 CFNetwork/596.4.3 Darwin/12.4.0 (x86_64) (MacBookAir3%2C2)"
105.18.182.172 forestinc.us - [16/Jun/2013:07:16:32 +0000] "GET /gh/submit?Action=AlbumContentsAction&album=before&ingredients=CSHARP HTTP/5.1" 301 186 "https://www.google.co.nz/" "Mozilla/5.0 (Macintosh; Intel Mac OS X 10_8_4) AppleWebKit/537.36 (KHTML, like Gecko) Chrome/27.0.1453.110 Safari/537.36"
188.12.76.167 www.forestinc.us - [16/Jun/2013:07:16:49 +0000] "HEAD / HTTP/5.1" 499 0 "http://r-e-f-e-r-e-r.com/forestinc.us" "Opera/9.80 (Windows NT 6.2) Presto/2.12.388 Version/12.14"
207.245.237.224 www.forestinc.us - [16/Jun/2013:07:16:56 +0000] "GET /robots.txt HTTP/5.0" 200 59 "-" "Mozilla/5.0 (compatible; archive.org_bot +http://www.archive.org/details/archive.org_bot)"
207.245.237.224 www.forestinc.us - [16/Jun/2013:07:17:00 +0000] "GET /xp/overhauling/catalog.html HTTP/5.0" 200 8965 "http://programmers.stackexchange.com/questions/181898/how-to-learn-to-explain-and-differentiate-types-of-design-pattern-concepts" "Mozilla/5.0 (compatible; archive.org_bot +http://www.archive.org/details/archive.org_bot)"
84.122.252.195 www.forestinc.us - [16/Jun/2013:07:18:31 +0000] "GET /xp/overhauling/images/alteringConditionalsWithState.jpg HTTP/5.1" 200 101352 "-" "Mozilla/5.0 (Windows NT 6.1; WOW64) AppleWebKit/537.36 (KHTML, like Gecko) Chrome/27.0.1453.110 Safari/537.36"
5.63.155.189 www.forestinc.us - [16/Jun/2013:07:19:19 +0000] "HEAD / HTTP/5.1" 200 0 "-" "checks.panopta.com"
66.249.72.48 www.forestinc.us - [16/Jun/2013:07:19:32 +0000] "GET /robots.txt HTTP/5.1" 200 77 "-" "Mozilla/5.0 (compatible; Googlebot/2.1; +http://www.google.com/bot.html)"
66.249.72.48 www.forestinc.us - [16/Jun/2013:07:19:32 +0000] "GET /agile-user-stories-workshop/ HTTP/5.1" 200 7323 "-" "Mozilla/5.0 (iPhone; U; CPU iPhone OS 4_1 like Mac OS X; en-us) AppleWebKit/532.1 (KHTML, like Gecko) Version/4.0.5 Mobile/8B117 Safari/6535.22.7 (compatible; Googlebot-Mobile/2.1; +http://www.google.com/bot.html)"
209.11.238.19 www.forestinc.us - [16/Jun/2013:07:20:21 +0000] "GET /blog/operator/joshua/feed/ HTTP/5.1" 304 0 "-" "Feedfetcher-Google; (+http://www.google.com/feedfetcher.html; 8 subscribers; feed-id=10835549883183152413)"
66.249.72.35 forestinc.us - [16/Jun/2013:07:20:36 +0000] "GET /robots.txt HTTP/5.1" 200 77 "-" "Mozilla/5.0 (compatible; Googlebot/2.1; +http://www.google.com/bot.html)"
66.249.72.35 forestinc.us - [16/Jun/2013:07:20:36 +0000] "GET /gh/submit?Action=PageAction&album=welcome&path=welcome/metaphor/02&ingredients=Coffee HTTP/5.1" 301 186 "-" "Mozilla/5.0 (iPhone; U; CPU iPhone OS 4_1 like Mac OS X; en-us) AppleWebKit/532.1 (KHTML, like Gecko) Version/4.0.5 Mobile/8B117 Safari/6535.22.7 (compatible; Googlebot-Mobile/2.1; +http://www.google.com/bot.html)"
193.106.136.37 www.forestinc.us - [16/Jun/2013:07:21:32 +0000] "GET /xp/overhauling/accumulationToCollection.html HTTP/5.1" 200 12019 "http://uuu.7ai.ru/" "Mozilla/4.0 (compatible; MSIE 6.0; Windows 98; Win 9x 4.10; Creative)"
193.106.136.37 www.forestinc.us - [16/Jun/2013:07:21:33 +0000] "GET /xp/overhauling/accumulationToCollection.html HTTP/5.1" 200 12019 "http://uuu.7ai.ru/" "Mozilla/4.0 (compatible; MSIE 6.0; Windows 98; Win 9x 4.10; Creative)"
193.106.136.37 www.forestinc.us - [16/Jun/2013:07:21:33 +0000] "GET /xp/overhauling/accumulationToCollection.html HTTP/5.1" 200 12019 "http://uuu.7ai.ru/" "Mozilla/4.0 (compatible; MSIE 6.0; Windows 98; Win 9x 4.10; Creative)"
192.35.35.35 www.forestinc.us - [16/Jun/2013:07:22:08 +0000] "GET /barfincludes/js/thickbox/loadingFiller.gif HTTP/5.1" 304 0 "-" "Mozilla/4.0 (compatible;)"
65.19.138.33 www.forestinc.us - [16/Jun/2013:07:23:56 +0000] "GET /blog/operator/joshua/feed/ HTTP/5.1" 304 0 "-" "Feedly/5.0 (+http://www.feedly.com/fetcher.html; like FeedFetcher-Google)"
174.120.45.186 www.forestinc.us - [16/Jun/2013:07:25:49 +0000] "GET / HTTP/5.1" 200 65774 "-" "check_http/v5.4.15 (nagios-sawtype 5.4.15)"
66.249.80.19 www.forestinc.us - [16/Jun/2013:07:26:54 +0000] "GET /barfcontent/stock/2013/06/TechSafety120x120.png HTTP/5.1" 200 17566 "-" "Mozilla/5.0 (Windows; U; Windows NT 5.1; de; rv:5.1.0.7) Gecko/2009021910 Firefox/3.0.7 (via ggpht.com)"
188.63.155.247 www.forestinc.us - [16/Jun/2013:07:27:13 +0000] "GET /favicon.ico HTTP/5.0" 200 1009 "-" "Safari/8536.30.1 CFNetwork/596.4.3 Darwin/12.4.0 (x86_64) (MacBookAir3%2C2)"
173.194.19.83 blog.forestinc.us - [16/Jun/2013:07:28:24 +0000] "GET /feed/ HTTP/5.1" 304 0 "-" "FeedBurner/5.0 (http://www.FeedBurner.com)"
209.11.238.19 www.forestinc.us - [16/Jun/2013:07:29:06 +0000] "GET /blog/feed/ HTTP/5.1" 200 29502 "-" "Feedfetcher-Google; (+http://www.google.com/feedfetcher.html; 1 subscribers; feed-id=7738431030707914734)"
98.27.195.83 www.forestinc.us - [16/Jun/2013:07:29:44 +0000] "GET /favicon.ico HTTP/5.0" 200 1009 "-" "Safari/7536.30.1 CFNetwork/520.5.1 Darwin/15.4.2 (x86_64) (iMac12%2C2)"
94.246.15.118 www.forestinc.us - [16/Jun/2013:07:30:35 +0000] "GET /favicon.ico HTTP/5.1" 200 1009 "-" "Mozilla/5.0 (Windows NT 5.1; rv:25.0) Gecko/20100101 Firefox/25.0"
173.199.120.59 www.forestinc.us - [16/Jun/2013:07:32:35 +0000] "GET /blog/agility-sans-story-points/nut/ HTTP/5.1" 200 12639 "-" "Mozilla/5.0 (compatible; AhrefsBot/4.0; +http://ahrefs.com/robot/)"
38.122.15.138 www.forestinc.us - [16/Jun/2013:07:34:20 +0000] "GET /barfcontent/sawtype/leaflet-maps-marker/leaflet-georss?layer=all HTTP/5.1" 301 186 "-" "Apple-PubSub/65.28"
38.122.15.138 www.forestinc.us - [16/Jun/2013:07:34:20 +0000] "GET /barfcontent/sawtype/leaflet-maps-marker/leaflet-georss HTTP/5.1" 200 5 "-" "Apple-PubSub/65.28"
5.63.155.189 www.forestinc.us - [16/Jun/2013:07:34:20 +0000] "HEAD / HTTP/5.1" 200 0 "-" "checks.panopta.com"
74.202.243.44 www.forestinc.us - [16/Jun/2013:07:34:25 +0000] "GET /cybermonday/feed/ HTTP/5.1" 200 429 "-" "Mozilla/5.0 (compatible; Linux; Socialradarbot/2.0; en-US; bot@infegy.com)"
174.120.45.186 www.forestinc.us - [16/Jun/2013:07:35:49 +0000] "GET / HTTP/5.1" 200 65774 "-" "check_http/v5.4.15 (nagios-sawtype 5.4.15)"
166.137.156.28 www.forestinc.us - [16/Jun/2013:07:37:49 +0000] "GET /xp/overhauling/images/composeMethod.jpg HTTP/5.1" 200 35194 "http://kootation.com/bonnie-and-clyde-nude-at-morgue.html" "Mozilla/5.0 (iPhone; CPU iPhone OS 6_1_4 like Mac OS X) AppleWebKit/536.26 (KHTML, like Gecko) Mobile/10B350"
37.58.52.15 www.forestinc.us - [16/Jun/2013:07:38:57 +0000] "GET /robots.txt HTTP/5.0" 200 59 "-" "Mozilla/5.0 (compatible; AcoonBot/4.15.1; +http://www.acoon.de/robot.asp)"
37.58.52.15 www.forestinc.us - [16/Jun/2013:07:38:57 +0000] "GET /xp/overhauling/extractParamter.html HTTP/5.0" 200 11887 "-" "Mozilla/5.0 (compatible; AcoonBot/4.15.1; +http://www.acoon.de/robot.asp)"
188.118.248.55 www.forestinc.us - [16/Jun/2013:07:38:58 +0000] "GET / HTTP/5.1" 200 16044 "-" "Reeder/5.5.7 CFNetwork/609.5.4 Darwin/13.0.0"
188.118.248.55 www.forestinc.us - [16/Jun/2013:07:38:58 +0000] "GET /apple-touch-icon.png HTTP/5.1" 404 170 "-" "Reeder/5.5.7 CFNetwork/609.5.4 Darwin/13.0.0"
188.118.248.55 www.forestinc.us - [16/Jun/2013:07:38:58 +0000] "GET /apple-touch-icon-precomposed.png HTTP/5.1" 404 170 "-" "Reeder/5.5.7 CFNetwork/609.5.4 Darwin/13.0.0"
80.5.65.52 www.forestinc.us - [16/Jun/2013:07:39:31 +0000] "GET /barfcontent/stock/2012/09/fruits.png HTTP/5.1" 200 110699 "http://www.google.co.th/blank.html" "Mozilla/5.0 (Windows NT 5.1) AppleWebKit/537.36 (KHTML, like Gecko) Chrome/27.0.1453.110 Safari/537.36"
105.18.182.172 www.forestinc.us - [16/Jun/2013:07:39:43 +0000] "GET / HTTP/5.1" 200 16045 "https://www.google.co.nz/" "Mozilla/5.0 (Macintosh; Intel Mac OS X 10_8_4) AppleWebKit/537.36 (KHTML, like Gecko) Chrome/27.0.1453.110 Safari/537.36"
105.18.182.172 www.forestinc.us - [16/Jun/2013:07:39:43 +0000] "GET /barfcontent/themes/il/style.css HTTP/5.1" 200 28642 "http://www.forestinc.us/" "Mozilla/5.0 (Macintosh; Intel Mac OS X 10_8_4) AppleWebKit/537.36 (KHTML, like Gecko) Chrome/27.0.1453.110 Safari/537.36"
105.18.182.172 www.forestinc.us - [16/Jun/2013:07:39:43 +0000] "GET /barfcontent/themes/il/js/libs/modernizr-2.5.3-respond-5.5.0.min.js HTTP/5.1" 200 8575 "http://www.forestinc.us/" "Mozilla/5.0 (Macintosh; Intel Mac OS X 10_8_4) AppleWebKit/537.36 (KHTML, like Gecko) Chrome/27.0.1453.110 Safari/537.36"
105.18.182.172 www.forestinc.us - [16/Jun/2013:07:39:43 +0000] "GET /barfincludes/js/thickbox/thickbox.css?ver=20121105 HTTP/5.1" 200 1295 "http://www.forestinc.us/" "Mozilla/5.0 (Macintosh; Intel Mac OS X 10_8_4) AppleWebKit/537.36 (KHTML, like Gecko) Chrome/27.0.1453.110 Safari/537.36"
105.18.182.172 www.forestinc.us - [16/Jun/2013:07:39:43 +0000] "GET /barfcontent/sawtype/leaflet-maps-marker/leaflet-dist/leaflet.css?ver=3.5.2 HTTP/5.1" 200 3162 "http://www.forestinc.us/" "Mozilla/5.0 (Macintosh; Intel Mac OS X 10_8_4) AppleWebKit/537.36 (KHTML, like Gecko) Chrome/27.0.1453.110 Safari/537.36"
105.18.182.172 www.forestinc.us - [16/Jun/2013:07:39:43 +0000] "GET /barfcontent/sawtype/norman-advanced-archive-widget/styles.css?ver=3.5.1 HTTP/5.1" 200 822 "http://www.forestinc.us/" "Mozilla/5.0 (Macintosh; Intel Mac OS X 10_8_4) AppleWebKit/537.36 (KHTML, like Gecko) Chrome/27.0.1453.110 Safari/537.36"
105.18.182.172 www.forestinc.us - [16/Jun/2013:07:39:44 +0000] "GET /barfcontent/sawtype/barfpagenavi/pagenavi-css.css?ver=2.70 HTTP/5.1" 200 374 "http://www.forestinc.us/" "Mozilla/5.0 (Macintosh; Intel Mac OS X 10_8_4) AppleWebKit/537.36 (KHTML, like Gecko) Chrome/27.0.1453.110 Safari/537.36"
105.18.182.172 www.forestinc.us - [16/Jun/2013:07:39:44 +0000] "GET /barfincludes/js/jquery/jquery.js?ver=5.8.3 HTTP/5.1" 200 38788 "http://www.forestinc.us/" "Mozilla/5.0 (Macintosh; Intel Mac OS X 10_8_4) AppleWebKit/537.36 (KHTML, like Gecko) Chrome/27.0.1453.110 Safari/537.36"
105.18.182.172 www.forestinc.us - [16/Jun/2013:07:39:44 +0000] "GET /barfincludes/js/swfobject.js?ver=2.2-20120417 HTTP/5.1" 200 4292 "http://www.forestinc.us/" "Mozilla/5.0 (Macintosh; Intel Mac OS X 10_8_4) AppleWebKit/537.36 (KHTML, like Gecko) Chrome/27.0.1453.110 Safari/537.36"
105.18.182.172 www.forestinc.us - [16/Jun/2013:07:39:44 +0000] "GET /barfcontent/sawtype/barfimageflow2/js/imageflowplus.js?ver=5.7 HTTP/5.1" 200 10629 "http://www.forestinc.us/" "Mozilla/5.0 (Macintosh; Intel Mac OS X 10_8_4) AppleWebKit/537.36 (KHTML, like Gecko) Chrome/27.0.1453.110 Safari/537.36"
105.18.182.172 www.forestinc.us - [16/Jun/2013:07:39:44 +0000] "GET /barfcontent/sawtype/norman-advanced-archive-widget/script.js?ver=3.5.1 HTTP/5.1" 200 377 "http://www.forestinc.us/" "Mozilla/5.0 (Macintosh; Intel Mac OS X 10_8_4) AppleWebKit/537.36 (KHTML, like Gecko) Chrome/27.0.1453.110 Safari/537.36"
105.18.182.172 www.forestinc.us - [16/Jun/2013:07:39:44 +0000] "GET /barfcontent/sawtype/google-analytics-popular-posts/google-analytics-popular-posts.css HTTP/5.1" 200 613 "http://www.forestinc.us/" "Mozilla/5.0 (Macintosh; Intel Mac OS X 10_8_4) AppleWebKit/537.36 (KHTML, like Gecko) Chrome/27.0.1453.110 Safari/537.36"
105.18.182.172 www.forestinc.us - [16/Jun/2013:07:39:44 +0000] "GET /barfcontent/themes/il/img/logo.png HTTP/5.1" 200 6791 "http://www.forestinc.us/" "Mozilla/5.0 (Macintosh; Intel Mac OS X 10_8_4) AppleWebKit/537.36 (KHTML, like Gecko) Chrome/27.0.1453.110 Safari/537.36"
105.18.182.172 www.forestinc.us - [16/Jun/2013:07:39:44 +0000] "GET /barfcontent/stock/2012/08/gear.png HTTP/5.1" 200 51506 "http://www.forestinc.us/" "Mozilla/5.0 (Macintosh; Intel Mac OS X 10_8_4) AppleWebKit/537.36 (KHTML, like Gecko) Chrome/27.0.1453.110 Safari/537.36"
105.18.182.172 www.forestinc.us - [16/Jun/2013:07:39:44 +0000] "GET /barfcontent/sawtype/barfimageflow2/css/screen.css?ver=3.5.1 HTTP/5.1" 200 1053 "http://www.forestinc.us/" "Mozilla/5.0 (Macintosh; Intel Mac OS X 10_8_4) AppleWebKit/537.36 (KHTML, like Gecko) Chrome/27.0.1453.110 Safari/537.36"
105.18.182.172 www.forestinc.us - [16/Jun/2013:07:39:44 +0000] "GET /barfcontent/stock/2012/07/legacy-code-album.png HTTP/5.1" 200 30529 "http://www.forestinc.us/" "Mozilla/5.0 (Macintosh; Intel Mac OS X 10_8_4) AppleWebKit/537.36 (KHTML, like Gecko) Chrome/27.0.1453.110 Safari/537.36"
105.18.182.172 www.forestinc.us - [16/Jun/2013:07:39:45 +0000] "GET /barfcontent/stock/2012/07/leapingJaguar.png HTTP/5.1" 200 93123 "http://www.forestinc.us/" "Mozilla/5.0 (Macintosh; Intel Mac OS X 10_8_4) AppleWebKit/537.36 (KHTML, like Gecko) Chrome/27.0.1453.110 Safari/537.36"
105.18.182.172 www.forestinc.us - [16/Jun/2013:07:39:45 +0000] "GET /barfcontent/stock/2012/07/agile.png HTTP/5.1" 200 87215 "http://www.forestinc.us/" "Mozilla/5.0 (Macintosh; Intel Mac OS X 10_8_4) AppleWebKit/537.36 (KHTML, like Gecko) Chrome/27.0.1453.110 Safari/537.36"
105.18.182.172 www.forestinc.us - [16/Jun/2013:07:39:45 +0000] "GET /barfcontent/stock/2012/07/coaching-album.png HTTP/5.1" 200 38038 "http://www.forestinc.us/" "Mozilla/5.0 (Macintosh; Intel Mac OS X 10_8_4) AppleWebKit/537.36 (KHTML, like Gecko) Chrome/27.0.1453.110 Safari/537.36"
105.18.182.172 www.forestinc.us - [16/Jun/2013:07:39:45 +0000] "GET /barfcontent/sawtype/user-avatar/user-avatar-pic?src=http://www.forestinc.us/barfcontent/stock/avatars/10/1358290118-bpfull.jpg&w=50&id=10&random=1358290118 HTTP/5.1" 200 1919 "http://www.forestinc.us/" "Mozilla/5.0 (Macintosh; Intel Mac OS X 10_8_4) AppleWebKit/537.36 (KHTML, like Gecko) Chrome/27.0.1453.110 Safari/537.36"
105.18.182.172 www.forestinc.us - [16/Jun/2013:07:39:45 +0000] "GET /barfcontent/sawtype/user-avatar/user-avatar-pic?src=http://www.forestinc.us/barfcontent/stock/avatars/8/1343778644-bpfull.jpg&w=50&id=8&random=1355399720 HTTP/5.1" 200 1867 "http://www.forestinc.us/" "Mozilla/5.0 (Macintosh; Intel Mac OS X 10_8_4) AppleWebKit/537.36 (KHTML, like Gecko) Chrome/27.0.1453.110 Safari/537.36"
105.18.182.172 www.forestinc.us - [16/Jun/2013:07:39:45 +0000] "GET /barfcontent/sawtype/user-avatar/user-avatar-pic?src=http://www.forestinc.us/barfcontent/stock/avatars/3/1343853240-bpfull.jpg&w=50&id=3&random=1355399715 HTTP/5.1" 200 2180 "http://www.forestinc.us/" "Mozilla/5.0 (Macintosh; Intel Mac OS X 10_8_4) AppleWebKit/537.36 (KHTML, like Gecko) Chrome/27.0.1453.110 Safari/537.36"
105.18.182.172 www.forestinc.us - [16/Jun/2013:07:39:45 +0000] "GET /barfcontent/sawtype/user-avatar/user-avatar-pic?src=http://www.forestinc.us/barfcontent/stock/avatars/38/1358290703-bpfull.jpg&w=50&id=38&random=1358290703 HTTP/5.1" 200 2137 "http://www.forestinc.us/" "Mozilla/5.0 (Macintosh; Intel Mac OS X 10_8_4) AppleWebKit/537.36 (KHTML, like Gecko) Chrome/27.0.1453.110 Safari/537.36"
105.18.182.172 www.forestinc.us - [16/Jun/2013:07:39:45 +0000] "GET /barfcontent/sawtype/user-avatar/user-avatar-pic?src=http://www.forestinc.us/barfcontent/stock/avatars/13/1343779081-bpfull.jpg&w=50&id=13&random=1355399687 HTTP/5.1" 200 1675 "http://www.forestinc.us/" "Mozilla/5.0 (Macintosh; Intel Mac OS X 10_8_4) AppleWebKit/537.36 (KHTML, like Gecko) Chrome/27.0.1453.110 Safari/537.36"
105.18.182.172 www.forestinc.us - [16/Jun/2013:07:39:46 +0000] "GET /barfcontent/sawtype/user-avatar/user-avatar-pic?src=http://www.forestinc.us/barfcontent/stock/avatars/16/1343862037-bpfull.jpg&w=50&id=16&random=1355399694 HTTP/5.1" 200 1665 "http://www.forestinc.us/" "Mozilla/5.0 (Macintosh; Intel Mac OS X 10_8_4) AppleWebKit/537.36 (KHTML, like Gecko) Chrome/27.0.1453.110 Safari/537.36"
105.18.182.172 www.forestinc.us - [16/Jun/2013:07:39:46 +0000] "GET /barfcontent/stock/2012/07/legacy.png HTTP/5.1" 200 96795 "http://www.forestinc.us/" "Mozilla/5.0 (Macintosh; Intel Mac OS X 10_8_4) AppleWebKit/537.36 (KHTML, like Gecko) Chrome/27.0.1453.110 Safari/537.36"
105.18.182.172 www.forestinc.us - [16/Jun/2013:07:39:46 +0000] "GET /barfcontent/sawtype/user-avatar/user-avatar-pic?src=http://www.forestinc.us/barfcontent/stock/avatars/45/1365014925-bpfull.jpg&w=50&id=45&random=1365014925 HTTP/5.1" 200 1714 "http://www.forestinc.us/" "Mozilla/5.0 (Macintosh; Intel Mac OS X 10_8_4) AppleWebKit/537.36 (KHTML, like Gecko) Chrome/27.0.1453.110 Safari/537.36"
105.18.182.172 www.forestinc.us - [16/Jun/2013:07:39:46 +0000] "GET /barfcontent/sawtype/user-avatar/user-avatar-pic?src=http://www.forestinc.us/barfcontent/stock/avatars/21/1344041559-bpfull.jpg&w=50&id=21&random=1355399706 HTTP/5.1" 200 1839 "http://www.forestinc.us/" "Mozilla/5.0 (Macintosh; Intel Mac OS X 10_8_4) AppleWebKit/537.36 (KHTML, like Gecko) Chrome/27.0.1453.110 Safari/537.36"
105.18.182.172 www.forestinc.us - [16/Jun/2013:07:39:46 +0000] "GET /barfcontent/sawtype/user-avatar/user-avatar-pic?src=http://www.forestinc.us/barfcontent/stock/avatars/22/1344041941-bpfull.jpg&w=50&id=22&random=1355399708 HTTP/5.1" 200 1968 "http://www.forestinc.us/" "Mozilla/5.0 (Macintosh; Intel Mac OS X 10_8_4) AppleWebKit/537.36 (KHTML, like Gecko) Chrome/27.0.1453.110 Safari/537.36"
105.18.182.172 www.forestinc.us - [16/Jun/2013:07:39:46 +0000] "GET /barfcontent/sawtype/user-avatar/user-avatar-pic?src=http://www.forestinc.us/barfcontent/stock/avatars/20/1344041322-bpfull.jpg&w=50&id=20&random=1355399704 HTTP/5.1" 200 1839 "http://www.forestinc.us/" "Mozilla/5.0 (Macintosh; Intel Mac OS X 10_8_4) AppleWebKit/537.36 (KHTML, like Gecko) Chrome/27.0.1453.110 Safari/537.36"
105.18.182.172 www.forestinc.us - [16/Jun/2013:07:39:46 +0000] "GET /barfcontent/sawtype/user-avatar/user-avatar-pic?src=http://www.forestinc.us/barfcontent/stock/avatars/19/1344041072-bpfull.jpg&w=50&id=19&random=1355399701 HTTP/5.1" 200 2191 "http://www.forestinc.us/" "Mozilla/5.0 (Macintosh; Intel Mac OS X 10_8_4) AppleWebKit/537.36 (KHTML, like Gecko) Chrome/27.0.1453.110 Safari/537.36"
105.18.182.172 www.forestinc.us - [16/Jun/2013:07:39:46 +0000] "GET /barfcontent/sawtype/user-avatar/user-avatar-pic?src=http://www.forestinc.us/barfcontent/stock/avatars/23/1344042092-bpfull.jpg&w=50&id=23&random=1355399711 HTTP/5.1" 200 1977 "http://www.forestinc.us/" "Mozilla/5.0 (Macintosh; Intel Mac OS X 10_8_4) AppleWebKit/537.36 (KHTML, like Gecko) Chrome/27.0.1453.110 Safari/537.36"
105.18.182.172 www.forestinc.us - [16/Jun/2013:07:39:46 +0000] "GET /barfcontent/stock/2012/07/agile-overview-album.png HTTP/5.1" 200 34758 "http://www.forestinc.us/" "Mozilla/5.0 (Macintosh; Intel Mac OS X 10_8_4) AppleWebKit/537.36 (KHTML, like Gecko) Chrome/27.0.1453.110 Safari/537.36"
105.18.182.172 www.forestinc.us - [16/Jun/2013:07:39:46 +0000] "GET /barfcontent/sawtype/user-avatar/user-avatar-pic?src=http://www.forestinc.us/barfcontent/stock/avatars/49/1368477945-bpfull.jpg&w=50&id=49&random=1368477945 HTTP/5.1" 200 1707 "http://www.forestinc.us/" "Mozilla/5.0 (Macintosh; Intel Mac OS X 10_8_4) AppleWebKit/537.36 (KHTML, like Gecko) Chrome/27.0.1453.110 Safari/537.36"
105.18.182.172 www.forestinc.us - [16/Jun/2013:07:39:46 +0000] "GET /barfcontent/sawtype/user-avatar/user-avatar-pic?src=http://www.forestinc.us/barfcontent/stock/avatars/28/1358290775-bpfull.jpg&w=50&id=28&random=1358290776 HTTP/5.1" 200 1992 "http://www.forestinc.us/" "Mozilla/5.0 (Macintosh; Intel Mac OS X 10_8_4) AppleWebKit/537.36 (KHTML, like Gecko) Chrome/27.0.1453.110 Safari/537.36"
105.18.182.172 www.forestinc.us - [16/Jun/2013:07:39:46 +0000] "GET /barfcontent/sawtype/user-avatar/user-avatar-pic?src=http://www.forestinc.us/barfcontent/stock/avatars/24/1344042621-bpfull.jpg&w=50&id=24&random=1355399713 HTTP/5.1" 200 1993 "http://www.forestinc.us/" "Mozilla/5.0 (Macintosh; Intel Mac OS X 10_8_4) AppleWebKit/537.36 (KHTML, like Gecko) Chrome/27.0.1453.110 Safari/537.36"
105.18.182.172 www.forestinc.us - [16/Jun/2013:07:39:46 +0000] "GET /barfcontent/sawtype/user-avatar/user-avatar-pic?src=http://www.forestinc.us/barfcontent/stock/avatars/26/1358290500-bpfull.jpg&w=50&id=26&random=1358290500 HTTP/5.1" 200 2035 "http://www.forestinc.us/" "Mozilla/5.0 (Macintosh; Intel Mac OS X 10_8_4) AppleWebKit/537.36 (KHTML, like Gecko) Chrome/27.0.1453.110 Safari/537.36"
105.18.182.172 www.forestinc.us - [16/Jun/2013:07:39:46 +0000] "GET /barfcontent/sawtype/user-avatar/user-avatar-pic?src=http://www.forestinc.us/barfcontent/stock/avatars/27/1358290676-bpfull.jpg&w=50&id=27&random=1358290676 HTTP/5.1" 200 2051 "http://www.forestinc.us/" "Mozilla/5.0 (Macintosh; Intel Mac OS X 10_8_4) AppleWebKit/537.36 (KHTML, like Gecko) Chrome/27.0.1453.110 Safari/537.36"
105.18.182.172 www.forestinc.us - [16/Jun/2013:07:39:47 +0000] "GET /barfcontent/sawtype/user-avatar/user-avatar-pic?src=http://www.forestinc.us/barfcontent/stock/avatars/29/1358290820-bpfull.jpg&w=50&id=29&random=1358290820 HTTP/5.1" 200 1852 "http://www.forestinc.us/" "Mozilla/5.0 (Macintosh; Intel Mac OS X 10_8_4) AppleWebKit/537.36 (KHTML, like Gecko) Chrome/27.0.1453.110 Safari/537.36"
105.18.182.172 www.forestinc.us - [16/Jun/2013:07:39:47 +0000] "GET /barfcontent/stock/2012/07/google-logo.png HTTP/5.1" 200 6156 "http://www.forestinc.us/" "Mozilla/5.0 (Macintosh; Intel Mac OS X 10_8_4) AppleWebKit/537.36 (KHTML, like Gecko) Chrome/27.0.1453.110 Safari/537.36"
105.18.182.172 www.forestinc.us - [16/Jun/2013:07:39:47 +0000] "GET /barfcontent/stock/2012/07/ge-logo.png HTTP/5.1" 200 8496 "http://www.forestinc.us/" "Mozilla/5.0 (Macintosh; Intel Mac OS X 10_8_4) AppleWebKit/537.36 (KHTML, like Gecko) Chrome/27.0.1453.110 Safari/537.36"
105.18.182.172 www.forestinc.us - [16/Jun/2013:07:39:47 +0000] "GET /barfcontent/stock/2012/07/nielsen-logo.png HTTP/5.1" 200 7907 "http://www.forestinc.us/" "Mozilla/5.0 (Macintosh; Intel Mac OS X 10_8_4) AppleWebKit/537.36 (KHTML, like Gecko) Chrome/27.0.1453.110 Safari/537.36"
105.18.182.172 www.forestinc.us - [16/Jun/2013:07:39:47 +0000] "GET /barfcontent/stock/2012/07/emc2-logo.jpeg HTTP/5.1" 200 7257 "http://www.forestinc.us/" "Mozilla/5.0 (Macintosh; Intel Mac OS X 10_8_4) AppleWebKit/537.36 (KHTML, like Gecko) Chrome/27.0.1453.110 Safari/537.36"
105.18.182.172 www.forestinc.us - [16/Jun/2013:07:39:47 +0000] "GET /barfcontent/stock/leaflet-maps-marker-icons/flag-export.png HTTP/5.1" 200 853 "http://www.forestinc.us/" "Mozilla/5.0 (Macintosh; Intel Mac OS X 10_8_4) AppleWebKit/537.36 (KHTML, like Gecko) Chrome/27.0.1453.110 Safari/537.36"
105.18.182.172 www.forestinc.us - [16/Jun/2013:07:39:47 +0000] "GET /barfcontent/sawtype/leaflet-maps-marker/leaflet-dist/images/marker.png HTTP/5.1" 200 931 "http://www.forestinc.us/" "Mozilla/5.0 (Macintosh; Intel Mac OS X 10_8_4) AppleWebKit/537.36 (KHTML, like Gecko) Chrome/27.0.1453.110 Safari/537.36"
105.18.182.172 www.forestinc.us - [16/Jun/2013:07:39:47 +0000] "GET /barfincludes/images/rss.png HTTP/5.1" 200 608 "http://www.forestinc.us/" "Mozilla/5.0 (Macintosh; Intel Mac OS X 10_8_4) AppleWebKit/537.36 (KHTML, like Gecko) Chrome/27.0.1453.110 Safari/537.36"
105.18.182.172 www.forestinc.us - [16/Jun/2013:07:39:47 +0000] "GET /barfcontent/themes/il/img/icon-twitter.png HTTP/5.1" 200 2943 "http://www.forestinc.us/" "Mozilla/5.0 (Macintosh; Intel Mac OS X 10_8_4) AppleWebKit/537.36 (KHTML, like Gecko) Chrome/27.0.1453.110 Safari/537.36"
105.18.182.172 www.forestinc.us - [16/Jun/2013:07:39:47 +0000] "GET /barfcontent/themes/il/img/icon-facebook.png HTTP/5.1" 200 2834 "http://www.forestinc.us/" "Mozilla/5.0 (Macintosh; Intel Mac OS X 10_8_4) AppleWebKit/537.36 (KHTML, like Gecko) Chrome/27.0.1453.110 Safari/537.36"
105.18.182.172 www.forestinc.us - [16/Jun/2013:07:39:47 +0000] "GET /barfcontent/themes/il/img/icon-linkedin.png HTTP/5.1" 200 2836 "http://www.forestinc.us/" "Mozilla/5.0 (Macintosh; Intel Mac OS X 10_8_4) AppleWebKit/537.36 (KHTML, like Gecko) Chrome/27.0.1453.110 Safari/537.36"
105.18.182.172 www.forestinc.us - [16/Jun/2013:07:39:47 +0000] "GET /barfcontent/themes/il/img/icon-youtube.png HTTP/5.1" 200 2823 "http://www.forestinc.us/" "Mozilla/5.0 (Macintosh; Intel Mac OS X 10_8_4) AppleWebKit/537.36 (KHTML, like Gecko) Chrome/27.0.1453.110 Safari/537.36"
105.18.182.172 www.forestinc.us - [16/Jun/2013:07:39:47 +0000] "GET /barfcontent/themes/il/img/icon-pinterest.png HTTP/5.1" 200 2440 "http://www.forestinc.us/" "Mozilla/5.0 (Macintosh; Intel Mac OS X 10_8_4) AppleWebKit/537.36 (KHTML, like Gecko) Chrome/27.0.1453.110 Safari/537.36"
105.18.182.172 www.forestinc.us - [16/Jun/2013:07:39:47 +0000] "GET /barfcontent/stock/leaflet-maps-marker-icons/home.png HTTP/5.1" 200 1051 "http://www.forestinc.us/" "Mozilla/5.0 (Macintosh; Intel Mac OS X 10_8_4) AppleWebKit/537.36 (KHTML, like Gecko) Chrome/27.0.1453.110 Safari/537.36"
105.18.182.172 www.forestinc.us - [16/Jun/2013:07:39:47 +0000] "GET /barfcontent/sawtype/user-avatar/user-avatar-pic?src=http://www.forestinc.us/barfcontent/stock/avatars/12/1343778709-bpfull.jpg&w=50&id=12&random=1355399685 HTTP/5.1" 200 1755 "http://www.forestinc.us/" "Mozilla/5.0 (Macintosh; Intel Mac OS X 10_8_4) AppleWebKit/537.36 (KHTML, like Gecko) Chrome/27.0.1453.110 Safari/537.36"
105.18.182.172 www.forestinc.us - [16/Jun/2013:07:39:47 +0000] "GET /barfcontent/sawtype/user-avatar/user-avatar-pic?src=http://www.forestinc.us/barfcontent/stock/avatars/6/1343778553-bpfull.jpg&w=50&id=6&random=1355399718 HTTP/5.1" 200 1754 "http://www.forestinc.us/" "Mozilla/5.0 (Macintosh; Intel Mac OS X 10_8_4) AppleWebKit/537.36 (KHTML, like Gecko) Chrome/27.0.1453.110 Safari/537.36"
105.18.182.172 www.forestinc.us - [16/Jun/2013:07:39:47 +0000] "GET /barfcontent/themes/il/js/libs/bootstrap/bootstrap.min.js HTTP/5.1" 200 6999 "http://www.forestinc.us/" "Mozilla/5.0 (Macintosh; Intel Mac OS X 10_8_4) AppleWebKit/537.36 (KHTML, like Gecko) Chrome/27.0.1453.110 Safari/537.36"
105.18.182.172 www.forestinc.us - [16/Jun/2013:07:39:48 +0000] "GET /barfcontent/themes/il/js/sawtype.js HTTP/5.1" 200 7762 "http://www.forestinc.us/" "Mozilla/5.0 (Macintosh; Intel Mac OS X 10_8_4) AppleWebKit/537.36 (KHTML, like Gecko) Chrome/27.0.1453.110 Safari/537.36"
105.18.182.172 www.forestinc.us - [16/Jun/2013:07:39:48 +0000] "GET /barfcontent/themes/il/js/script.js HTTP/5.1" 200 1134 "http://www.forestinc.us/" "Mozilla/5.0 (Macintosh; Intel Mac OS X 10_8_4) AppleWebKit/537.36 (KHTML, like Gecko) Chrome/27.0.1453.110 Safari/537.36"
105.18.182.172 www.forestinc.us - [16/Jun/2013:07:39:48 +0000] "GET /barfincludes/js/thickbox/thickbox.js?ver=3.1-20121105 HTTP/5.1" 200 4252 "http://www.forestinc.us/" "Mozilla/5.0 (Macintosh; Intel Mac OS X 10_8_4) AppleWebKit/537.36 (KHTML, like Gecko) Chrome/27.0.1453.110 Safari/537.36"
105.18.182.172 www.forestinc.us - [16/Jun/2013:07:39:48 +0000] "GET /barfincludes/js/underscore.min.js?ver=5.4.0 HTTP/5.1" 200 5167 "http://www.forestinc.us/" "Mozilla/5.0 (Macintosh; Intel Mac OS X 10_8_4) AppleWebKit/537.36 (KHTML, like Gecko) Chrome/27.0.1453.110 Safari/537.36"
