80.105.224.245 www.forestinc.us - [16/Jun/2013:08:52:16 +0000] "GET /barfincludes/js/shortcode.min.js?ver=3.5.1 HTTP/5.1" 200 1272 "http://www.forestinc.us/" "Mozilla/5.0 (Windows NT 5.1) AppleWebKit/537.36 (KHTML, like Gecko) Chrome/27.0.1453.14 Safari/537.36"
80.105.224.245 www.forestinc.us - [16/Jun/2013:08:52:16 +0000] "GET /machine-operator/js/media-upload.min.js?ver=3.5.1 HTTP/5.1" 200 894 "http://www.forestinc.us/" "Mozilla/5.0 (Windows NT 5.1) AppleWebKit/537.36 (KHTML, like Gecko) Chrome/27.0.1453.14 Safari/537.36"
80.105.224.245 www.forestinc.us - [16/Jun/2013:08:52:16 +0000] "GET /barfcontent/sawtype/leaflet-maps-marker/inc/js/show_map.js?ver=3.5.2 HTTP/5.1" 200 15 "http://www.forestinc.us/" "Mozilla/5.0 (Windows NT 5.1) AppleWebKit/537.36 (KHTML, like Gecko) Chrome/27.0.1453.14 Safari/537.36"
80.105.224.245 www.forestinc.us - [16/Jun/2013:08:52:16 +0000] "GET /barfcontent/sawtype/leaflet-maps-marker/leaflet-dist/leaflet.js?ver=3.5.2 HTTP/5.1" 200 37918 "http://www.forestinc.us/" "Mozilla/5.0 (Windows NT 5.1) AppleWebKit/537.36 (KHTML, like Gecko) Chrome/27.0.1453.14 Safari/537.36"
80.105.224.245 www.forestinc.us - [16/Jun/2013:08:52:17 +0000] "GET /barfcontent/sawtype/leaflet-maps-marker/leaflet-dist/images/zoom-out.png HTTP/5.1" 200 959 "http://www.forestinc.us/" "Mozilla/5.0 (Windows NT 5.1) AppleWebKit/537.36 (KHTML, like Gecko) Chrome/27.0.1453.14 Safari/537.36"
80.105.224.245 www.forestinc.us - [16/Jun/2013:08:52:17 +0000] "GET /barfcontent/sawtype/leaflet-maps-marker/leaflet-dist/images/zoom-in.png HTTP/5.1" 200 963 "http://www.forestinc.us/" "Mozilla/5.0 (Windows NT 5.1) AppleWebKit/537.36 (KHTML, like Gecko) Chrome/27.0.1453.14 Safari/537.36"
80.105.224.245 www.forestinc.us - [16/Jun/2013:08:52:17 +0000] "GET /barfcontent/sawtype/leaflet-maps-marker/leaflet-geojson?layer=1 HTTP/5.1" 200 5749 "http://www.forestinc.us/" "Mozilla/5.0 (Windows NT 5.1) AppleWebKit/537.36 (KHTML, like Gecko) Chrome/27.0.1453.14 Safari/537.36"
80.105.224.245 www.forestinc.us - [16/Jun/2013:08:52:17 +0000] "GET /barfcontent/sawtype/leaflet-maps-marker/leaflet-dist/images/marker-shadow.png HTTP/5.1" 200 1621 "http://www.forestinc.us/" "Mozilla/5.0 (Windows NT 5.1) AppleWebKit/537.36 (KHTML, like Gecko) Chrome/27.0.1453.14 Safari/537.36"
80.105.224.245 www.forestinc.us - [16/Jun/2013:08:52:23 +0000] "GET /barfincludes/js/thickbox/loadingFiller.gif HTTP/5.1" 200 15238 "http://www.forestinc.us/" "Mozilla/5.0 (Windows NT 5.1) AppleWebKit/537.36 (KHTML, like Gecko) Chrome/27.0.1453.14 Safari/537.36"
80.105.224.245 www.forestinc.us - [16/Jun/2013:08:52:23 +0000] "GET /barfcontent/themes/il/img/pagination.png HTTP/5.1" 200 724 "http://www.forestinc.us/" "Mozilla/5.0 (Windows NT 5.1) AppleWebKit/537.36 (KHTML, like Gecko) Chrome/27.0.1453.14 Safari/537.36"
80.105.224.245 www.forestinc.us - [16/Jun/2013:08:52:23 +0000] "GET /favicon.ico HTTP/5.1" 200 1009 "-" "Mozilla/5.0 (Windows NT 5.1) AppleWebKit/537.36 (KHTML, like Gecko) Chrome/27.0.1453.14 Safari/537.36"
80.105.224.245 www.forestinc.us - [16/Jun/2013:08:52:34 +0000] "GET /barfcontent/themes/il/img/glyphicons-halflings.png HTTP/5.1" 200 13826 "http://www.forestinc.us/" "Mozilla/5.0 (Windows NT 5.1) AppleWebKit/537.36 (KHTML, like Gecko) Chrome/27.0.1453.14 Safari/537.36"
95.152.165.17 www.forestinc.us - [16/Jun/2013:08:53:11 +0000] "GET / HTTP/5.1" 200 16045 "-" "Reeder/1020.09.00 CFNetwork/596.4.3 Darwin/12.4.0 (x86_64) (MacBookPro10%2C1)"
95.152.165.17 www.forestinc.us - [16/Jun/2013:08:53:11 +0000] "GET /apple-touch-icon.png HTTP/5.1" 404 170 "-" "Reeder/1020.09.00 CFNetwork/596.4.3 Darwin/12.4.0 (x86_64) (MacBookPro10%2C1)"
95.152.165.17 www.forestinc.us - [16/Jun/2013:08:53:11 +0000] "GET /apple-touch-icon-precomposed.png HTTP/5.1" 404 170 "-" "Reeder/1020.09.00 CFNetwork/596.4.3 Darwin/12.4.0 (x86_64) (MacBookPro10%2C1)"
180.76.5.179 www.forestinc.us - [16/Jun/2013:08:54:37 +0000] "GET /xp/overhauling/ HTTP/5.1" 304 0 "-" "Mozilla/5.0 (compatible; Baiduspider/2.0; +http://www.baidu.com/search/spider.html)"
174.120.45.186 www.forestinc.us - [16/Jun/2013:08:55:49 +0000] "GET / HTTP/5.1" 200 65774 "-" "check_http/v5.4.15 (nagios-sawtype 5.4.15)"
84.29.40.10 www.forestinc.us - [16/Jun/2013:08:57:28 +0000] "GET / HTTP/5.1" 200 16044 "-" "Mozilla/5.0 (Macintosh; Intel Mac OS X 10_8_4) AppleWebKit/536.30.1 (KHTML, like Gecko) Version/6.0.5 Safari/536.30.1"
84.29.40.10 www.forestinc.us - [16/Jun/2013:08:57:28 +0000] "GET /barfcontent/sawtype/barfpagenavi/pagenavi-css.css?ver=2.70 HTTP/5.1" 200 374 "http://www.forestinc.us/" "Mozilla/5.0 (Macintosh; Intel Mac OS X 10_8_4) AppleWebKit/536.30.1 (KHTML, like Gecko) Version/6.0.5 Safari/536.30.1"
84.29.40.10 www.forestinc.us - [16/Jun/2013:08:57:28 +0000] "GET /barfcontent/sawtype/barfimageflow2/css/screen.css?ver=3.5.1 HTTP/5.1" 200 1053 "http://www.forestinc.us/" "Mozilla/5.0 (Macintosh; Intel Mac OS X 10_8_4) AppleWebKit/536.30.1 (KHTML, like Gecko) Version/6.0.5 Safari/536.30.1"
84.29.40.10 www.forestinc.us - [16/Jun/2013:08:57:28 +0000] "GET /barfcontent/sawtype/leaflet-maps-marker/leaflet-dist/leaflet.css?ver=3.5.2 HTTP/5.1" 200 3162 "http://www.forestinc.us/" "Mozilla/5.0 (Macintosh; Intel Mac OS X 10_8_4) AppleWebKit/536.30.1 (KHTML, like Gecko) Version/6.0.5 Safari/536.30.1"
84.29.40.10 www.forestinc.us - [16/Jun/2013:08:57:28 +0000] "GET /barfcontent/sawtype/norman-advanced-archive-widget/styles.css?ver=3.5.1 HTTP/5.1" 200 822 "http://www.forestinc.us/" "Mozilla/5.0 (Macintosh; Intel Mac OS X 10_8_4) AppleWebKit/536.30.1 (KHTML, like Gecko) Version/6.0.5 Safari/536.30.1"
84.29.40.10 www.forestinc.us - [16/Jun/2013:08:57:28 +0000] "GET /barfcontent/themes/il/style.css HTTP/5.1" 200 28642 "http://www.forestinc.us/" "Mozilla/5.0 (Macintosh; Intel Mac OS X 10_8_4) AppleWebKit/536.30.1 (KHTML, like Gecko) Version/6.0.5 Safari/536.30.1"
84.29.40.10 www.forestinc.us - [16/Jun/2013:08:57:28 +0000] "GET /barfincludes/js/thickbox/thickbox.css?ver=20121105 HTTP/5.1" 200 1295 "http://www.forestinc.us/" "Mozilla/5.0 (Macintosh; Intel Mac OS X 10_8_4) AppleWebKit/536.30.1 (KHTML, like Gecko) Version/6.0.5 Safari/536.30.1"
84.29.40.10 www.forestinc.us - [16/Jun/2013:08:57:28 +0000] "GET /barfcontent/sawtype/google-analytics-popular-posts/google-analytics-popular-posts.css HTTP/5.1" 200 613 "http://www.forestinc.us/" "Mozilla/5.0 (Macintosh; Intel Mac OS X 10_8_4) AppleWebKit/536.30.1 (KHTML, like Gecko) Version/6.0.5 Safari/536.30.1"
84.29.40.10 www.forestinc.us - [16/Jun/2013:08:57:28 +0000] "GET /barfcontent/themes/il/js/libs/modernizr-2.5.3-respond-5.5.0.min.js HTTP/5.1" 200 8575 "http://www.forestinc.us/" "Mozilla/5.0 (Macintosh; Intel Mac OS X 10_8_4) AppleWebKit/536.30.1 (KHTML, like Gecko) Version/6.0.5 Safari/536.30.1"
84.29.40.10 www.forestinc.us - [16/Jun/2013:08:57:28 +0000] "GET /barfincludes/js/swfobject.js?ver=2.2-20120417 HTTP/5.1" 200 4292 "http://www.forestinc.us/" "Mozilla/5.0 (Macintosh; Intel Mac OS X 10_8_4) AppleWebKit/536.30.1 (KHTML, like Gecko) Version/6.0.5 Safari/536.30.1"
84.29.40.10 www.forestinc.us - [16/Jun/2013:08:57:28 +0000] "GET /barfincludes/js/jquery/jquery.js?ver=5.8.3 HTTP/5.1" 200 38788 "http://www.forestinc.us/" "Mozilla/5.0 (Macintosh; Intel Mac OS X 10_8_4) AppleWebKit/536.30.1 (KHTML, like Gecko) Version/6.0.5 Safari/536.30.1"
84.29.40.10 www.forestinc.us - [16/Jun/2013:08:57:28 +0000] "GET /barfcontent/sawtype/barfimageflow2/js/imageflowplus.js?ver=5.7 HTTP/5.1" 200 10629 "http://www.forestinc.us/" "Mozilla/5.0 (Macintosh; Intel Mac OS X 10_8_4) AppleWebKit/536.30.1 (KHTML, like Gecko) Version/6.0.5 Safari/536.30.1"
84.29.40.10 www.forestinc.us - [16/Jun/2013:08:57:28 +0000] "GET /barfcontent/sawtype/norman-advanced-archive-widget/script.js?ver=3.5.1 HTTP/5.1" 200 377 "http://www.forestinc.us/" "Mozilla/5.0 (Macintosh; Intel Mac OS X 10_8_4) AppleWebKit/536.30.1 (KHTML, like Gecko) Version/6.0.5 Safari/536.30.1"
84.29.40.10 www.forestinc.us - [16/Jun/2013:08:57:28 +0000] "GET /barfcontent/themes/il/js/sawtype.js HTTP/5.1" 200 7762 "http://www.forestinc.us/" "Mozilla/5.0 (Macintosh; Intel Mac OS X 10_8_4) AppleWebKit/536.30.1 (KHTML, like Gecko) Version/6.0.5 Safari/536.30.1"
84.29.40.10 www.forestinc.us - [16/Jun/2013:08:57:28 +0000] "GET /barfcontent/themes/il/js/libs/bootstrap/bootstrap.min.js HTTP/5.1" 200 6999 "http://www.forestinc.us/" "Mozilla/5.0 (Macintosh; Intel Mac OS X 10_8_4) AppleWebKit/536.30.1 (KHTML, like Gecko) Version/6.0.5 Safari/536.30.1"
84.29.40.10 www.forestinc.us - [16/Jun/2013:08:57:28 +0000] "GET /barfcontent/themes/il/js/script.js HTTP/5.1" 200 1134 "http://www.forestinc.us/" "Mozilla/5.0 (Macintosh; Intel Mac OS X 10_8_4) AppleWebKit/536.30.1 (KHTML, like Gecko) Version/6.0.5 Safari/536.30.1"
84.29.40.10 www.forestinc.us - [16/Jun/2013:08:57:28 +0000] "GET /barfincludes/js/thickbox/thickbox.js?ver=3.1-20121105 HTTP/5.1" 200 4252 "http://www.forestinc.us/" "Mozilla/5.0 (Macintosh; Intel Mac OS X 10_8_4) AppleWebKit/536.30.1 (KHTML, like Gecko) Version/6.0.5 Safari/536.30.1"
84.29.40.10 www.forestinc.us - [16/Jun/2013:08:57:28 +0000] "GET /barfincludes/js/underscore.min.js?ver=5.4.0 HTTP/5.1" 200 5167 "http://www.forestinc.us/" "Mozilla/5.0 (Macintosh; Intel Mac OS X 10_8_4) AppleWebKit/536.30.1 (KHTML, like Gecko) Version/6.0.5 Safari/536.30.1"
84.29.40.10 www.forestinc.us - [16/Jun/2013:08:57:28 +0000] "GET /machine-operator/js/media-upload.min.js?ver=3.5.1 HTTP/5.1" 200 894 "http://www.forestinc.us/" "Mozilla/5.0 (Macintosh; Intel Mac OS X 10_8_4) AppleWebKit/536.30.1 (KHTML, like Gecko) Version/6.0.5 Safari/536.30.1"
84.29.40.10 www.forestinc.us - [16/Jun/2013:08:57:28 +0000] "GET /barfcontent/sawtype/leaflet-maps-marker/leaflet-dist/leaflet.js?ver=3.5.2 HTTP/5.1" 200 37918 "http://www.forestinc.us/" "Mozilla/5.0 (Macintosh; Intel Mac OS X 10_8_4) AppleWebKit/536.30.1 (KHTML, like Gecko) Version/6.0.5 Safari/536.30.1"
84.29.40.10 www.forestinc.us - [16/Jun/2013:08:57:28 +0000] "GET /barfincludes/js/shortcode.min.js?ver=3.5.1 HTTP/5.1" 200 1272 "http://www.forestinc.us/" "Mozilla/5.0 (Macintosh; Intel Mac OS X 10_8_4) AppleWebKit/536.30.1 (KHTML, like Gecko) Version/6.0.5 Safari/536.30.1"
84.29.40.10 www.forestinc.us - [16/Jun/2013:08:57:28 +0000] "GET /barfcontent/sawtype/leaflet-maps-marker/inc/js/show_map.js?ver=3.5.2 HTTP/5.1" 200 15 "http://www.forestinc.us/" "Mozilla/5.0 (Macintosh; Intel Mac OS X 10_8_4) AppleWebKit/536.30.1 (KHTML, like Gecko) Version/6.0.5 Safari/536.30.1"
84.29.40.10 www.forestinc.us - [16/Jun/2013:08:57:28 +0000] "GET /barfcontent/themes/il/img/logo.png HTTP/5.1" 200 6791 "http://www.forestinc.us/" "Mozilla/5.0 (Macintosh; Intel Mac OS X 10_8_4) AppleWebKit/536.30.1 (KHTML, like Gecko) Version/6.0.5 Safari/536.30.1"
84.29.40.10 www.forestinc.us - [16/Jun/2013:08:57:28 +0000] "GET /barfcontent/themes/il/img/glyphicons-halflings-white.png HTTP/5.1" 200 8777 "http://www.forestinc.us/" "Mozilla/5.0 (Macintosh; Intel Mac OS X 10_8_4) AppleWebKit/536.30.1 (KHTML, like Gecko) Version/6.0.5 Safari/536.30.1"
84.29.40.10 www.forestinc.us - [16/Jun/2013:08:57:28 +0000] "GET /barfcontent/stock/2012/08/gear.png HTTP/5.1" 200 51506 "http://www.forestinc.us/" "Mozilla/5.0 (Macintosh; Intel Mac OS X 10_8_4) AppleWebKit/536.30.1 (KHTML, like Gecko) Version/6.0.5 Safari/536.30.1"
84.29.40.10 www.forestinc.us - [16/Jun/2013:08:57:28 +0000] "GET /barfcontent/stock/2012/07/legacy-code-album.png HTTP/5.1" 200 30529 "http://www.forestinc.us/" "Mozilla/5.0 (Macintosh; Intel Mac OS X 10_8_4) AppleWebKit/536.30.1 (KHTML, like Gecko) Version/6.0.5 Safari/536.30.1"
84.29.40.10 www.forestinc.us - [16/Jun/2013:08:57:29 +0000] "GET /barfcontent/stock/2012/07/agile-overview-album.png HTTP/5.1" 200 34758 "http://www.forestinc.us/" "Mozilla/5.0 (Macintosh; Intel Mac OS X 10_8_4) AppleWebKit/536.30.1 (KHTML, like Gecko) Version/6.0.5 Safari/536.30.1"
84.29.40.10 www.forestinc.us - [16/Jun/2013:08:57:29 +0000] "GET /barfcontent/stock/2012/07/leapingJaguar.png HTTP/5.1" 200 93123 "http://www.forestinc.us/" "Mozilla/5.0 (Macintosh; Intel Mac OS X 10_8_4) AppleWebKit/536.30.1 (KHTML, like Gecko) Version/6.0.5 Safari/536.30.1"
84.29.40.10 www.forestinc.us - [16/Jun/2013:08:57:29 +0000] "GET /barfcontent/stock/2012/07/agile.png HTTP/5.1" 200 87215 "http://www.forestinc.us/" "Mozilla/5.0 (Macintosh; Intel Mac OS X 10_8_4) AppleWebKit/536.30.1 (KHTML, like Gecko) Version/6.0.5 Safari/536.30.1"
84.29.40.10 www.forestinc.us - [16/Jun/2013:08:57:29 +0000] "GET /barfcontent/stock/2012/07/coaching-album.png HTTP/5.1" 200 38038 "http://www.forestinc.us/" "Mozilla/5.0 (Macintosh; Intel Mac OS X 10_8_4) AppleWebKit/536.30.1 (KHTML, like Gecko) Version/6.0.5 Safari/536.30.1"
84.29.40.10 www.forestinc.us - [16/Jun/2013:08:57:29 +0000] "GET /barfcontent/stock/2012/07/legacy.png HTTP/5.1" 200 96795 "http://www.forestinc.us/" "Mozilla/5.0 (Macintosh; Intel Mac OS X 10_8_4) AppleWebKit/536.30.1 (KHTML, like Gecko) Version/6.0.5 Safari/536.30.1"
84.29.40.10 www.forestinc.us - [16/Jun/2013:08:57:29 +0000] "GET /barfcontent/sawtype/user-avatar/user-avatar-pic?src=http://www.forestinc.us/barfcontent/stock/avatars/3/1343853240-bpfull.jpg&w=50&id=3&random=1355399715 HTTP/5.1" 304 0 "http://www.forestinc.us/" "Mozilla/5.0 (Macintosh; Intel Mac OS X 10_8_4) AppleWebKit/536.30.1 (KHTML, like Gecko) Version/6.0.5 Safari/536.30.1"
84.29.40.10 www.forestinc.us - [16/Jun/2013:08:57:29 +0000] "GET /barfcontent/sawtype/user-avatar/user-avatar-pic?src=http://www.forestinc.us/barfcontent/stock/avatars/12/1343778709-bpfull.jpg&w=50&id=12&random=1355399685 HTTP/5.1" 304 0 "http://www.forestinc.us/" "Mozilla/5.0 (Macintosh; Intel Mac OS X 10_8_4) AppleWebKit/536.30.1 (KHTML, like Gecko) Version/6.0.5 Safari/536.30.1"
84.29.40.10 www.forestinc.us - [16/Jun/2013:08:57:29 +0000] "GET /barfcontent/sawtype/user-avatar/user-avatar-pic?src=http://www.forestinc.us/barfcontent/stock/avatars/6/1343778553-bpfull.jpg&w=50&id=6&random=1355399718 HTTP/5.1" 200 1754 "http://www.forestinc.us/" "Mozilla/5.0 (Macintosh; Intel Mac OS X 10_8_4) AppleWebKit/536.30.1 (KHTML, like Gecko) Version/6.0.5 Safari/536.30.1"
84.29.40.10 www.forestinc.us - [16/Jun/2013:08:57:29 +0000] "GET /barfcontent/sawtype/leaflet-maps-marker/leaflet-geojson?layer=1 HTTP/5.1" 200 5749 "http://www.forestinc.us/" "Mozilla/5.0 (Macintosh; Intel Mac OS X 10_8_4) AppleWebKit/536.30.1 (KHTML, like Gecko) Version/6.0.5 Safari/536.30.1"
84.29.40.10 www.forestinc.us - [16/Jun/2013:08:57:29 +0000] "GET /barfcontent/sawtype/user-avatar/user-avatar-pic?src=http://www.forestinc.us/barfcontent/stock/avatars/8/1343778644-bpfull.jpg&w=50&id=8&random=1355399720 HTTP/5.1" 200 1867 "http://www.forestinc.us/" "Mozilla/5.0 (Macintosh; Intel Mac OS X 10_8_4) AppleWebKit/536.30.1 (KHTML, like Gecko) Version/6.0.5 Safari/536.30.1"
84.29.40.10 www.forestinc.us - [16/Jun/2013:08:57:29 +0000] "GET /barfcontent/sawtype/user-avatar/user-avatar-pic?src=http://www.forestinc.us/barfcontent/stock/avatars/13/1343779081-bpfull.jpg&w=50&id=13&random=1355399687 HTTP/5.1" 200 1675 "http://www.forestinc.us/" "Mozilla/5.0 (Macintosh; Intel Mac OS X 10_8_4) AppleWebKit/536.30.1 (KHTML, like Gecko) Version/6.0.5 Safari/536.30.1"
84.29.40.10 www.forestinc.us - [16/Jun/2013:08:57:29 +0000] "GET /barfcontent/sawtype/user-avatar/user-avatar-pic?src=http://www.forestinc.us/barfcontent/stock/avatars/38/1358290703-bpfull.jpg&w=50&id=38&random=1358290703 HTTP/5.1" 200 2137 "http://www.forestinc.us/" "Mozilla/5.0 (Macintosh; Intel Mac OS X 10_8_4) AppleWebKit/536.30.1 (KHTML, like Gecko) Version/6.0.5 Safari/536.30.1"
84.29.40.10 www.forestinc.us - [16/Jun/2013:08:57:29 +0000] "GET /barfcontent/sawtype/user-avatar/user-avatar-pic?src=http://www.forestinc.us/barfcontent/stock/avatars/10/1358290118-bpfull.jpg&w=50&id=10&random=1358290118 HTTP/5.1" 304 0 "http://www.forestinc.us/" "Mozilla/5.0 (Macintosh; Intel Mac OS X 10_8_4) AppleWebKit/536.30.1 (KHTML, like Gecko) Version/6.0.5 Safari/536.30.1"
84.29.40.10 www.forestinc.us - [16/Jun/2013:08:57:29 +0000] "GET /barfcontent/sawtype/user-avatar/user-avatar-pic?src=http://www.forestinc.us/barfcontent/stock/avatars/45/1365014925-bpfull.jpg&w=50&id=45&random=1365014925 HTTP/5.1" 200 1714 "http://www.forestinc.us/" "Mozilla/5.0 (Macintosh; Intel Mac OS X 10_8_4) AppleWebKit/536.30.1 (KHTML, like Gecko) Version/6.0.5 Safari/536.30.1"
84.29.40.10 www.forestinc.us - [16/Jun/2013:08:57:29 +0000] "GET /barfcontent/sawtype/user-avatar/user-avatar-pic?src=http://www.forestinc.us/barfcontent/stock/avatars/16/1343862037-bpfull.jpg&w=50&id=16&random=1355399694 HTTP/5.1" 200 1665 "http://www.forestinc.us/" "Mozilla/5.0 (Macintosh; Intel Mac OS X 10_8_4) AppleWebKit/536.30.1 (KHTML, like Gecko) Version/6.0.5 Safari/536.30.1"
84.29.40.10 www.forestinc.us - [16/Jun/2013:08:57:29 +0000] "GET /barfcontent/sawtype/user-avatar/user-avatar-pic?src=http://www.forestinc.us/barfcontent/stock/avatars/22/1344041941-bpfull.jpg&w=50&id=22&random=1355399708 HTTP/5.1" 200 1968 "http://www.forestinc.us/" "Mozilla/5.0 (Macintosh; Intel Mac OS X 10_8_4) AppleWebKit/536.30.1 (KHTML, like Gecko) Version/6.0.5 Safari/536.30.1"
84.29.40.10 www.forestinc.us - [16/Jun/2013:08:57:29 +0000] "GET /barfcontent/sawtype/user-avatar/user-avatar-pic?src=http://www.forestinc.us/barfcontent/stock/avatars/21/1344041559-bpfull.jpg&w=50&id=21&random=1355399706 HTTP/5.1" 304 0 "http://www.forestinc.us/" "Mozilla/5.0 (Macintosh; Intel Mac OS X 10_8_4) AppleWebKit/536.30.1 (KHTML, like Gecko) Version/6.0.5 Safari/536.30.1"
84.29.40.10 www.forestinc.us - [16/Jun/2013:08:57:29 +0000] "GET /barfcontent/sawtype/user-avatar/user-avatar-pic?src=http://www.forestinc.us/barfcontent/stock/avatars/23/1344042092-bpfull.jpg&w=50&id=23&random=1355399711 HTTP/5.1" 200 1977 "http://www.forestinc.us/" "Mozilla/5.0 (Macintosh; Intel Mac OS X 10_8_4) AppleWebKit/536.30.1 (KHTML, like Gecko) Version/6.0.5 Safari/536.30.1"
84.29.40.10 www.forestinc.us - [16/Jun/2013:08:57:29 +0000] "GET /barfcontent/sawtype/user-avatar/user-avatar-pic?src=http://www.forestinc.us/barfcontent/stock/avatars/49/1368477945-bpfull.jpg&w=50&id=49&random=1368477945 HTTP/5.1" 200 1707 "http://www.forestinc.us/" "Mozilla/5.0 (Macintosh; Intel Mac OS X 10_8_4) AppleWebKit/536.30.1 (KHTML, like Gecko) Version/6.0.5 Safari/536.30.1"
84.29.40.10 www.forestinc.us - [16/Jun/2013:08:57:29 +0000] "GET /barfcontent/sawtype/user-avatar/user-avatar-pic?src=http://www.forestinc.us/barfcontent/stock/avatars/20/1344041322-bpfull.jpg&w=50&id=20&random=1355399704 HTTP/5.1" 200 1839 "http://www.forestinc.us/" "Mozilla/5.0 (Macintosh; Intel Mac OS X 10_8_4) AppleWebKit/536.30.1 (KHTML, like Gecko) Version/6.0.5 Safari/536.30.1"
84.29.40.10 www.forestinc.us - [16/Jun/2013:08:57:29 +0000] "GET /barfcontent/sawtype/user-avatar/user-avatar-pic?src=http://www.forestinc.us/barfcontent/stock/avatars/19/1344041072-bpfull.jpg&w=50&id=19&random=1355399701 HTTP/5.1" 304 0 "http://www.forestinc.us/" "Mozilla/5.0 (Macintosh; Intel Mac OS X 10_8_4) AppleWebKit/536.30.1 (KHTML, like Gecko) Version/6.0.5 Safari/536.30.1"
84.29.40.10 www.forestinc.us - [16/Jun/2013:08:57:29 +0000] "GET /barfcontent/sawtype/user-avatar/user-avatar-pic?src=http://www.forestinc.us/barfcontent/stock/avatars/28/1358290775-bpfull.jpg&w=50&id=28&random=1358290776 HTTP/5.1" 304 0 "http://www.forestinc.us/" "Mozilla/5.0 (Macintosh; Intel Mac OS X 10_8_4) AppleWebKit/536.30.1 (KHTML, like Gecko) Version/6.0.5 Safari/536.30.1"
84.29.40.10 www.forestinc.us - [16/Jun/2013:08:57:29 +0000] "GET /barfcontent/sawtype/user-avatar/user-avatar-pic?src=http://www.forestinc.us/barfcontent/stock/avatars/26/1358290500-bpfull.jpg&w=50&id=26&random=1358290500 HTTP/5.1" 200 2035 "http://www.forestinc.us/" "Mozilla/5.0 (Macintosh; Intel Mac OS X 10_8_4) AppleWebKit/536.30.1 (KHTML, like Gecko) Version/6.0.5 Safari/536.30.1"
84.29.40.10 www.forestinc.us - [16/Jun/2013:08:57:29 +0000] "GET /barfcontent/sawtype/user-avatar/user-avatar-pic?src=http://www.forestinc.us/barfcontent/stock/avatars/24/1344042621-bpfull.jpg&w=50&id=24&random=1355399713 HTTP/5.1" 304 0 "http://www.forestinc.us/" "Mozilla/5.0 (Macintosh; Intel Mac OS X 10_8_4) AppleWebKit/536.30.1 (KHTML, like Gecko) Version/6.0.5 Safari/536.30.1"
84.29.40.10 www.forestinc.us - [16/Jun/2013:08:57:29 +0000] "GET /barfcontent/stock/2012/07/google-logo.png HTTP/5.1" 200 6156 "http://www.forestinc.us/" "Mozilla/5.0 (Macintosh; Intel Mac OS X 10_8_4) AppleWebKit/536.30.1 (KHTML, like Gecko) Version/6.0.5 Safari/536.30.1"
84.29.40.10 www.forestinc.us - [16/Jun/2013:08:57:29 +0000] "GET /barfcontent/sawtype/user-avatar/user-avatar-pic?src=http://www.forestinc.us/barfcontent/stock/avatars/27/1358290676-bpfull.jpg&w=50&id=27&random=1358290676 HTTP/5.1" 200 2051 "http://www.forestinc.us/" "Mozilla/5.0 (Macintosh; Intel Mac OS X 10_8_4) AppleWebKit/536.30.1 (KHTML, like Gecko) Version/6.0.5 Safari/536.30.1"
84.29.40.10 www.forestinc.us - [16/Jun/2013:08:57:29 +0000] "GET /barfcontent/stock/2012/07/emc2-logo.jpeg HTTP/5.1" 200 7257 "http://www.forestinc.us/" "Mozilla/5.0 (Macintosh; Intel Mac OS X 10_8_4) AppleWebKit/536.30.1 (KHTML, like Gecko) Version/6.0.5 Safari/536.30.1"
84.29.40.10 www.forestinc.us - [16/Jun/2013:08:57:29 +0000] "GET /barfcontent/stock/2012/07/ge-logo.png HTTP/5.1" 200 8496 "http://www.forestinc.us/" "Mozilla/5.0 (Macintosh; Intel Mac OS X 10_8_4) AppleWebKit/536.30.1 (KHTML, like Gecko) Version/6.0.5 Safari/536.30.1"
84.29.40.10 www.forestinc.us - [16/Jun/2013:08:57:29 +0000] "GET /barfcontent/stock/2012/07/nielsen-logo.png HTTP/5.1" 200 7907 "http://www.forestinc.us/" "Mozilla/5.0 (Macintosh; Intel Mac OS X 10_8_4) AppleWebKit/536.30.1 (KHTML, like Gecko) Version/6.0.5 Safari/536.30.1"
84.29.40.10 www.forestinc.us - [16/Jun/2013:08:57:29 +0000] "GET /barfcontent/sawtype/user-avatar/user-avatar-pic?src=http://www.forestinc.us/barfcontent/stock/avatars/29/1358290820-bpfull.jpg&w=50&id=29&random=1358290820 HTTP/5.1" 304 0 "http://www.forestinc.us/" "Mozilla/5.0 (Macintosh; Intel Mac OS X 10_8_4) AppleWebKit/536.30.1 (KHTML, like Gecko) Version/6.0.5 Safari/536.30.1"
84.29.40.10 www.forestinc.us - [16/Jun/2013:08:57:30 +0000] "GET /barfcontent/stock/leaflet-maps-marker-icons/flag-export.png HTTP/5.1" 200 853 "http://www.forestinc.us/" "Mozilla/5.0 (Macintosh; Intel Mac OS X 10_8_4) AppleWebKit/536.30.1 (KHTML, like Gecko) Version/6.0.5 Safari/536.30.1"
84.29.40.10 www.forestinc.us - [16/Jun/2013:08:57:30 +0000] "GET /barfcontent/stock/leaflet-maps-marker-icons/home.png HTTP/5.1" 200 1051 "http://www.forestinc.us/" "Mozilla/5.0 (Macintosh; Intel Mac OS X 10_8_4) AppleWebKit/536.30.1 (KHTML, like Gecko) Version/6.0.5 Safari/536.30.1"
84.29.40.10 www.forestinc.us - [16/Jun/2013:08:57:30 +0000] "GET /barfcontent/themes/il/img/icon-twitter.png HTTP/5.1" 200 2943 "http://www.forestinc.us/" "Mozilla/5.0 (Macintosh; Intel Mac OS X 10_8_4) AppleWebKit/536.30.1 (KHTML, like Gecko) Version/6.0.5 Safari/536.30.1"
84.29.40.10 www.forestinc.us - [16/Jun/2013:08:57:30 +0000] "GET /barfcontent/sawtype/leaflet-maps-marker/leaflet-dist/images/marker.png HTTP/5.1" 200 931 "http://www.forestinc.us/" "Mozilla/5.0 (Macintosh; Intel Mac OS X 10_8_4) AppleWebKit/536.30.1 (KHTML, like Gecko) Version/6.0.5 Safari/536.30.1"
84.29.40.10 www.forestinc.us - [16/Jun/2013:08:57:30 +0000] "GET /barfincludes/images/rss.png HTTP/5.1" 200 608 "http://www.forestinc.us/" "Mozilla/5.0 (Macintosh; Intel Mac OS X 10_8_4) AppleWebKit/536.30.1 (KHTML, like Gecko) Version/6.0.5 Safari/536.30.1"
84.29.40.10 www.forestinc.us - [16/Jun/2013:08:57:30 +0000] "GET /barfcontent/themes/il/img/icon-facebook.png HTTP/5.1" 200 2834 "http://www.forestinc.us/" "Mozilla/5.0 (Macintosh; Intel Mac OS X 10_8_4) AppleWebKit/536.30.1 (KHTML, like Gecko) Version/6.0.5 Safari/536.30.1"
84.29.40.10 www.forestinc.us - [16/Jun/2013:08:57:30 +0000] "GET /barfcontent/themes/il/img/icon-youtube.png HTTP/5.1" 200 2823 "http://www.forestinc.us/" "Mozilla/5.0 (Macintosh; Intel Mac OS X 10_8_4) AppleWebKit/536.30.1 (KHTML, like Gecko) Version/6.0.5 Safari/536.30.1"
84.29.40.10 www.forestinc.us - [16/Jun/2013:08:57:30 +0000] "GET /barfcontent/themes/il/img/icon-linkedin.png HTTP/5.1" 200 2836 "http://www.forestinc.us/" "Mozilla/5.0 (Macintosh; Intel Mac OS X 10_8_4) AppleWebKit/536.30.1 (KHTML, like Gecko) Version/6.0.5 Safari/536.30.1"
84.29.40.10 www.forestinc.us - [16/Jun/2013:08:57:30 +0000] "GET /barfcontent/sawtype/leaflet-maps-marker/leaflet-dist/images/zoom-in.png HTTP/5.1" 200 963 "http://www.forestinc.us/" "Mozilla/5.0 (Macintosh; Intel Mac OS X 10_8_4) AppleWebKit/536.30.1 (KHTML, like Gecko) Version/6.0.5 Safari/536.30.1"
84.29.40.10 www.forestinc.us - [16/Jun/2013:08:57:30 +0000] "GET /barfcontent/sawtype/leaflet-maps-marker/leaflet-dist/images/marker-shadow.png HTTP/5.1" 200 1621 "http://www.forestinc.us/" "Mozilla/5.0 (Macintosh; Intel Mac OS X 10_8_4) AppleWebKit/536.30.1 (KHTML, like Gecko) Version/6.0.5 Safari/536.30.1"
84.29.40.10 www.forestinc.us - [16/Jun/2013:08:57:30 +0000] "GET /barfcontent/sawtype/leaflet-maps-marker/leaflet-dist/images/zoom-out.png HTTP/5.1" 200 959 "http://www.forestinc.us/" "Mozilla/5.0 (Macintosh; Intel Mac OS X 10_8_4) AppleWebKit/536.30.1 (KHTML, like Gecko) Version/6.0.5 Safari/536.30.1"
84.29.40.10 www.forestinc.us - [16/Jun/2013:08:57:30 +0000] "GET /barfcontent/themes/il/img/icon-pinterest.png HTTP/5.1" 200 2440 "http://www.forestinc.us/" "Mozilla/5.0 (Macintosh; Intel Mac OS X 10_8_4) AppleWebKit/536.30.1 (KHTML, like Gecko) Version/6.0.5 Safari/536.30.1"
84.29.40.10 www.forestinc.us - [16/Jun/2013:08:57:30 +0000] "GET /barfincludes/js/thickbox/loadingFiller.gif HTTP/5.1" 200 15238 "http://www.forestinc.us/" "Mozilla/5.0 (Macintosh; Intel Mac OS X 10_8_4) AppleWebKit/536.30.1 (KHTML, like Gecko) Version/6.0.5 Safari/536.30.1"
84.29.40.10 www.forestinc.us - [16/Jun/2013:08:57:30 +0000] "GET /barfcontent/themes/il/img/pagination.png HTTP/5.1" 200 724 "http://www.forestinc.us/" "Mozilla/5.0 (Macintosh; Intel Mac OS X 10_8_4) AppleWebKit/536.30.1 (KHTML, like Gecko) Version/6.0.5 Safari/536.30.1"
64.246.165.150 www.forestinc.us - [16/Jun/2013:08:58:36 +0000] "GET / HTTP/5.1" 200 16045 "http://whois.domaintools.com/forestinc.us.br" "Mozilla/5.0 (Windows; U; Windows NT 5.1; en; rv:5.1.0.13) Gecko/2009073022 Firefox/3.5.2 (.NET CLR 3.5.30729) SurveyBot/2.3 (DomainTools)"
98.27.195.83 www.forestinc.us - [16/Jun/2013:08:59:43 +0000] "GET /favicon.ico HTTP/5.0" 200 1009 "-" "Safari/7536.30.1 CFNetwork/520.5.1 Darwin/15.4.2 (x86_64) (iMac12%2C2)"
176.222.160.130 forestinc.us - [16/Jun/2013:08:59:53 +0000] "POST /barflogin HTTP/5.0" 499 0 "forestinc.us/barflogin" "Mozilla/5.0 (Windows NT 6.1; rv:19.0) Gecko/20100101 Firefox/19.0"
65.55.213.243 www.forestinc.us - [16/Jun/2013:09:00:07 +0000] "GET /robots.txt HTTP/5.1" 200 77 "-" "msnbot/2.0b (+http://search.msn.com/msnbot.htm)"
65.55.213.243 www.forestinc.us - [16/Jun/2013:09:00:07 +0000] "GET /sitemap_index.xml HTTP/5.1" 200 377 "-" "msnbot/2.0b (+http://search.msn.com/msnbot.htm)"
65.55.213.243 www.forestinc.us - [16/Jun/2013:09:00:07 +0000] "GET /post-sitemap.xml HTTP/5.1" 200 7907 "-" "msnbot/2.0b (+http://search.msn.com/msnbot.htm)"
65.55.213.243 www.forestinc.us - [16/Jun/2013:09:00:08 +0000] "GET /page-sitemap.xml HTTP/5.1" 200 4256 "-" "msnbot/2.0b (+http://search.msn.com/msnbot.htm)"
65.55.213.243 www.forestinc.us - [16/Jun/2013:09:00:08 +0000] "GET /category-sitemap.xml HTTP/5.1" 200 644 "-" "msnbot/2.0b (+http://search.msn.com/msnbot.htm)"
65.55.213.243 www.forestinc.us - [16/Jun/2013:09:00:08 +0000] "GET /post_tag-sitemap.xml HTTP/5.1" 200 936 "-" "msnbot/2.0b (+http://search.msn.com/msnbot.htm)"
65.55.213.243 www.forestinc.us - [16/Jun/2013:09:00:09 +0000] "GET /media-tags-sitemap.xml HTTP/5.1" 200 458 "-" "msnbot/2.0b (+http://search.msn.com/msnbot.htm)"
95.148.25.70 www.forestinc.us - [16/Jun/2013:09:00:26 +0000] "GET /xp/overhauling/inlinesingleton.html HTTP/5.1" 304 0 "http://www.forestinc.us/xp/overhauling/catalog.html" "Mozilla/5.0 (X11; Linux x86_64) AppleWebKit/537.36 (KHTML, like Gecko) Chrome/27.0.1453.13 Safari/537.36"
95.148.25.70 www.forestinc.us - [16/Jun/2013:09:00:26 +0000] "GET /il_old_website.css HTTP/5.1" 404 572 "http://www.forestinc.us/xp/overhauling/inlinesingleton.html" "Mozilla/5.0 (X11; Linux x86_64) AppleWebKit/537.36 (KHTML, like Gecko) Chrome/27.0.1453.13 Safari/537.36"
173.194.19.23 blog.forestinc.us - [16/Jun/2013:09:03:18 +0000] "GET /feed/ HTTP/5.1" 304 0 "-" "FeedBurner/5.0 (http://www.FeedBurner.com)"
74.125.17.144 www.forestinc.us - [16/Jun/2013:09:03:34 +0000] "HEAD /pinetrees/feed/ HTTP/5.1" 200 0 "-" "GoogleProducer; (+http://goo.gl/7y4SX)"
50.116.56.118 www.forestinc.us - [16/Jun/2013:09:03:46 +0000] "POST /barfcron?doing_wp_cron=1371373426.5838611125946044921875 HTTP/5.0" 200 0 "-" "WordPress/3.5.1; http://www.forestinc.us"
66.249.72.48 www.forestinc.us - [16/Jun/2013:09:03:46 +0000] "GET /blog/sufficient-design/ HTTP/5.1" 200 16683 "-" "Mozilla/5.0 (iPhone; U; CPU iPhone OS 4_1 like Mac OS X; en-us) AppleWebKit/532.1 (KHTML, like Gecko) Version/4.0.5 Mobile/8B117 Safari/6535.22.7 (compatible; Googlebot-Mobile/2.1; +http://www.google.com/bot.html)"
65.55.215.107 www.forestinc.us - [16/Jun/2013:09:03:52 +0000] "GET /robots.txt HTTP/5.1" 200 77 "-" "msnbot-media/5.1 (+http://search.msn.com/msnbot.htm)"
65.55.215.107 www.forestinc.us - [16/Jun/2013:09:03:52 +0000] "GET /barfcontent/sawtype/user-avatar/user-avatar-pic?src=http://www.forestinc.us/barfcontent/stock/avatars/27/1358290676-bpfull.jpg&w=200&id=27&random=1358290676 HTTP/5.1" 301 186 "-" "msnbot-media/5.1 (+http://search.msn.com/msnbot.htm)"
65.55.215.107 www.forestinc.us - [16/Jun/2013:09:03:52 +0000] "GET /barfcontent/sawtype/user-avatar/user-avatar-pic HTTP/5.1" 200 31 "-" "msnbot-media/5.1 (+http://search.msn.com/msnbot.htm)"
38.122.15.138 www.forestinc.us - [16/Jun/2013:09:04:26 +0000] "GET /barfcontent/sawtype/leaflet-maps-marker/leaflet-georss?layer=all HTTP/5.1" 301 186 "-" "Apple-PubSub/65.28"
38.122.15.138 www.forestinc.us - [16/Jun/2013:09:04:26 +0000] "GET /barfcontent/sawtype/leaflet-maps-marker/leaflet-georss HTTP/5.1" 200 5 "-" "Apple-PubSub/65.28"
199.30.16.48 www.forestinc.us - [16/Jun/2013:09:04:28 +0000] "GET /robots.txt HTTP/5.1" 200 77 "-" "msnbot-media/5.1 (+http://search.msn.com/msnbot.htm)"
199.30.16.48 www.forestinc.us - [16/Jun/2013:09:04:28 +0000] "GET /barfcontent/sawtype/user-avatar/user-avatar-pic?src=http://www.forestinc.us/barfcontent/stock/avatars/21/1344041559-bpfull.jpg&w=200&id=21&random=1355399706 HTTP/5.1" 301 186 "-" "msnbot-media/5.1 (+http://search.msn.com/msnbot.htm)"
199.30.16.48 www.forestinc.us - [16/Jun/2013:09:04:28 +0000] "GET /barfcontent/sawtype/user-avatar/user-avatar-pic HTTP/5.1" 200 31 "-" "msnbot-media/5.1 (+http://search.msn.com/msnbot.htm)"
5.63.155.189 www.forestinc.us - [16/Jun/2013:09:04:57 +0000] "HEAD / HTTP/5.1" 200 0 "-" "checks.panopta.com"
174.120.45.186 www.forestinc.us - [16/Jun/2013:09:05:49 +0000] "GET / HTTP/5.1" 200 65774 "-" "check_http/v5.4.15 (nagios-sawtype 5.4.15)"
66.249.72.35 forestinc.us - [16/Jun/2013:09:06:01 +0000] "GET /robots.txt HTTP/5.1" 200 77 "-" "Mozilla/5.0 (compatible; Googlebot/2.1; +http://www.google.com/bot.html)"
66.249.72.35 forestinc.us - [16/Jun/2013:09:06:01 +0000] "GET /gh/submit?Action=AlbumContentsAction&album=foundations&ingredients=SharpMusic HTTP/5.1" 301 186 "-" "Mozilla/5.0 (compatible; Googlebot/2.1; +http://www.google.com/bot.html)"
109.74.199.196 www.forestinc.us - [16/Jun/2013:09:06:41 +0000] "GET /blog/workplacesafety/ HTTP/5.0" 200 65826 "-" "Mozilla/5.0 (X11; U; Linux i686; en-US; rv:5.8.5.12) Gecko/20080210 Firefox/2.0.0.1"
37.58.52.15 forestinc.us - [16/Jun/2013:09:09:04 +0000] "GET /company/ HTTP/5.0" 301 186 "-" "Mozilla/5.0 (compatible; AcoonBot/4.15.1; +http://www.acoon.de/robot.asp)"
66.249.72.48 www.forestinc.us - [16/Jun/2013:09:11:09 +0000] "GET /blog/operator/steven/ HTTP/5.1" 200 10593 "-" "Mozilla/5.0 (iPhone; U; CPU iPhone OS 4_1 like Mac OS X; en-us) AppleWebKit/532.1 (KHTML, like Gecko) Version/4.0.5 Mobile/8B117 Safari/6535.22.7 (compatible; Googlebot-Mobile/2.1; +http://www.google.com/bot.html)"
54.244.198.124 www.forestinc.us - [16/Jun/2013:09:11:25 +0000] "GET /blog/whats-wrong-with-clean-code/ HTTP/5.1" 200 56597 "https://pinetrees.forestinc.us/gh/submit?Action=PageAction&album=blog2009&path=blog2009/2010/remodeling&ingredients=Coffee" "Mozilla/5.0 (Macintosh; Intel Mac OS X 10_6_8) AppleWebKit/534.50 (KHTML, like Gecko) Version/5.1 Instapaper/4.0 (+http://www.instapaper.com/)"
54.244.198.124 www.forestinc.us - [16/Jun/2013:09:11:26 +0000] "GET /blog/whats-wrong-with-clean-code/ HTTP/5.1" 200 56589 "-" "Mozilla/5.0 (Macintosh; U; Intel Mac OS X 10.5; en-US; rv:5.1.0.7) Gecko/2009021906 Firefox/3.0.7"
209.11.238.19 www.forestinc.us - [16/Jun/2013:09:12:41 +0000] "GET /blog/operator/joshua/feed/ HTTP/5.1" 304 0 "-" "Feedfetcher-Google; (+http://www.google.com/feedfetcher.html; 8 subscribers; feed-id=10835549883183152413)"
70.160.114.121 www.forestinc.us - [16/Jun/2013:09:13:32 +0000] "GET /favicon.ico HTTP/5.0" 200 1009 "-" "Safari/8536.30.1 CFNetwork/596.4.3 Darwin/12.4.0 (x86_64) (MacBookPro8%2C2)"
67.70.253.226 www.forestinc.us - [16/Jun/2013:09:13:44 +0000] "GET /blog/operator/tottinge/feed/ HTTP/5.1" 304 0 "-" "JetBrains Omea Pro ?Grenache? v3.0.0.0 (http://www.jetbrains.com/omea/)"
67.70.253.226 www.forestinc.us - [16/Jun/2013:09:13:44 +0000] "GET /blog/operator/bill/feed/ HTTP/5.1" 304 0 "-" "JetBrains Omea Pro ?Grenache? v3.0.0.0 (http://www.jetbrains.com/omea/)"
67.70.253.226 www.forestinc.us - [16/Jun/2013:09:13:46 +0000] "GET /blog/operator/joshua/feed/ HTTP/5.1" 304 0 "-" "JetBrains Omea Pro ?Grenache? v3.0.0.0 (http://www.jetbrains.com/omea/)"
66.249.72.48 www.forestinc.us - [16/Jun/2013:09:14:13 +0000] "GET /barfcontent/sawtype/syntaxhighlighter/syntaxhighlighter3/styles/shThemeEclipse.css?ver=3.0.83c HTTP/5.1" 301 186 "-" "Mozilla/5.0 (compatible; Googlebot/2.1; +http://www.google.com/bot.html)"
66.249.72.48 www.forestinc.us - [16/Jun/2013:09:14:13 +0000] "GET /barfcontent/sawtype/syntaxhighlighter/syntaxhighlighter3/styles/shCore.css?ver=3.0.83c HTTP/5.1" 301 186 "-" "Mozilla/5.0 (compatible; Googlebot/2.1; +http://www.google.com/bot.html)"
66.249.72.48 www.forestinc.us - [16/Jun/2013:09:14:14 +0000] "GET /barfcontent/sawtype/syntaxhighlighter/syntaxhighlighter3/styles/shThemeEclipse.css HTTP/5.1" 200 815 "-" "Mozilla/5.0 (compatible; Googlebot/2.1; +http://www.google.com/bot.html)"
66.249.72.48 www.forestinc.us - [16/Jun/2013:09:14:14 +0000] "GET /barfcontent/sawtype/syntaxhighlighter/syntaxhighlighter3/styles/shCore.css HTTP/5.1" 200 1522 "-" "Mozilla/5.0 (compatible; Googlebot/2.1; +http://www.google.com/bot.html)"
188.63.155.247 www.forestinc.us - [16/Jun/2013:09:14:15 +0000] "GET /favicon.ico HTTP/5.0" 200 1009 "-" "Safari/8536.30.1 CFNetwork/596.4.3 Darwin/12.4.0 (x86_64) (MacBookAir3%2C2)"
98.27.195.83 www.forestinc.us - [16/Jun/2013:09:14:43 +0000] "GET /favicon.ico HTTP/5.0" 200 1009 "-" "Safari/7536.30.1 CFNetwork/520.5.1 Darwin/15.4.2 (x86_64) (iMac12%2C2)"
174.120.45.186 www.forestinc.us - [16/Jun/2013:09:15:49 +0000] "GET / HTTP/5.1" 200 65766 "-" "check_http/v5.4.15 (nagios-sawtype 5.4.15)"
119.235.237.12 www.forestinc.us - [16/Jun/2013:09:16:51 +0000] "GET /old_website_images/twitter_grey.png HTTP/5.1" 200 1325 "-" "Yeti/5.0 (NHN Corp.; http://help.naver.com/robots/)"
124.169.148.56 www.forestinc.us - [16/Jun/2013:09:17:15 +0000] "GET / HTTP/5.1" 200 16045 "-" "Reeder/5.5.7 CFNetwork/609.5.4 Darwin/13.0.0"
124.169.148.56 www.forestinc.us - [16/Jun/2013:09:17:16 +0000] "GET /apple-touch-icon.png HTTP/5.1" 404 170 "-" "Reeder/5.5.7 CFNetwork/609.5.4 Darwin/13.0.0"
124.169.148.56 www.forestinc.us - [16/Jun/2013:09:17:16 +0000] "GET /apple-touch-icon-precomposed.png HTTP/5.1" 404 170 "-" "Reeder/5.5.7 CFNetwork/609.5.4 Darwin/13.0.0"
209.11.238.19 www.forestinc.us - [16/Jun/2013:09:17:35 +0000] "GET /blog/stop-using-story-points/feed/ HTTP/5.1" 200 2787 "-" "Feedfetcher-Google; (+http://www.google.com/feedfetcher.html; 3 subscribers; feed-id=10182165358741558219)"
125.54.15.1 forestinc.us - [16/Jun/2013:09:18:29 +0000] "GET /gh/submit?Action=AlbumContentsAction&album=composingUserStories&ingredients=None HTTP/5.1" 301 186 "http://www.google.com.ph/url?sa=t&rct=j&q=composing%20stories&source=web&cd=3&cad=rja&ved=0CDYQFjAC&url=http%3A%2F%2Fforestinc.us%2Fgh%2Fsubmit%3FAction%3DAlbumContentsAction%26album%3DcomposingUserStories%26devLanguage%3DNone&ei=zIK9UfSRAoWVrAer6YHQDg&usg=AFQjCNFi8fTMuMvVahoaqnIiDbZxBxDNHg&bvm=bv.47883778,d.bmk" "Mozilla/5.0 (Windows; U; Windows NT 6.1; en-US) AppleWebKit/534.16 (KHTML, like Gecko) Chrome/10.0.648.45 Safari/534.16"
66.249.72.48 www.forestinc.us - [16/Jun/2013:09:19:54 +0000] "GET /blog/category/software-patterns/ HTTP/5.1" 200 13407 "-" "Mozilla/5.0 (iPhone; U; CPU iPhone OS 4_1 like Mac OS X; en-us) AppleWebKit/532.1 (KHTML, like Gecko) Version/4.0.5 Mobile/8B117 Safari/6535.22.7 (compatible; Googlebot-Mobile/2.1; +http://www.google.com/bot.html)"
5.63.155.189 www.forestinc.us - [16/Jun/2013:09:19:58 +0000] "HEAD / HTTP/5.1" 200 0 "-" "checks.panopta.com"
218.19.248.240 www.forestinc.us - [16/Jun/2013:09:21:22 +0000] "GET /xp/overhauling/catalog.html HTTP/5.1" 200 3460 "-" "Mozilla/5.0 (Windows NT 6.1; WOW64) AppleWebKit/537.36 (KHTML, like Gecko) Chrome/27.0.1453.13 Safari/537.36"
218.19.248.240 www.forestinc.us - [16/Jun/2013:09:21:22 +0000] "GET /il_old_website.css HTTP/5.1" 404 572 "http://www.forestinc.us/xp/overhauling/catalog.html" "Mozilla/5.0 (Windows NT 6.1; WOW64) AppleWebKit/537.36 (KHTML, like Gecko) Chrome/27.0.1453.13 Safari/537.36"
218.19.248.240 www.forestinc.us - [16/Jun/2013:09:21:23 +0000] "GET /xp/overhauling/images/barrow.gif HTTP/5.1" 200 88 "http://www.forestinc.us/xp/overhauling/catalog.html" "Mozilla/5.0 (Windows NT 6.1; WOW64) AppleWebKit/537.36 (KHTML, like Gecko) Chrome/27.0.1453.13 Safari/537.36"
218.19.248.240 www.forestinc.us - [16/Jun/2013:09:21:23 +0000] "GET /xp/overhauling/images/rtpihomebanner.jpg HTTP/5.1" 200 27057 "http://www.forestinc.us/xp/overhauling/catalog.html" "Mozilla/5.0 (Windows NT 6.1; WOW64) AppleWebKit/537.36 (KHTML, like Gecko) Chrome/27.0.1453.13 Safari/537.36"
218.19.248.240 www.forestinc.us - [16/Jun/2013:09:21:23 +0000] "GET /xp/overhauling/images/logo141x145.gif HTTP/5.1" 200 5897 "http://www.forestinc.us/xp/overhauling/catalog.html" "Mozilla/5.0 (Windows NT 6.1; WOW64) AppleWebKit/537.36 (KHTML, like Gecko) Chrome/27.0.1453.13 Safari/537.36"
218.19.248.240 www.forestinc.us - [16/Jun/2013:09:21:23 +0000] "GET /old_website_images/facebook_grey.png HTTP/5.1" 200 1301 "http://www.forestinc.us/xp/overhauling/catalog.html" "Mozilla/5.0 (Windows NT 6.1; WOW64) AppleWebKit/537.36 (KHTML, like Gecko) Chrome/27.0.1453.13 Safari/537.36"
218.19.248.240 www.forestinc.us - [16/Jun/2013:09:21:23 +0000] "GET /old_website_images/twitter_grey.png HTTP/5.1" 200 1325 "http://www.forestinc.us/xp/overhauling/catalog.html" "Mozilla/5.0 (Windows NT 6.1; WOW64) AppleWebKit/537.36 (KHTML, like Gecko) Chrome/27.0.1453.13 Safari/537.36"
218.19.248.240 www.forestinc.us - [16/Jun/2013:09:21:23 +0000] "GET /old_website_images/linkedin_grey.png HTTP/5.1" 200 1306 "http://www.forestinc.us/xp/overhauling/catalog.html" "Mozilla/5.0 (Windows NT 6.1; WOW64) AppleWebKit/537.36 (KHTML, like Gecko) Chrome/27.0.1453.13 Safari/537.36"
218.19.248.240 www.forestinc.us - [16/Jun/2013:09:21:24 +0000] "GET /favicon.ico HTTP/5.1" 200 1009 "-" "Mozilla/5.0 (Windows NT 6.1; WOW64) AppleWebKit/537.36 (KHTML, like Gecko) Chrome/27.0.1453.13 Safari/537.36"
50.196.149.138 www.forestinc.us - [16/Jun/2013:09:22:14 +0000] "GET /blog/category/learning/feed HTTP/5.0" 301 0 "-" "Mozilla/5.0 (Windows NT 6.1; rv:14.0) Gecko/20100101 Firefox/14.0.1"
50.196.149.138 www.forestinc.us - [16/Jun/2013:09:22:15 +0000] "GET /blog/category/learning/feed/ HTTP/5.0" 200 43936 "-" "Mozilla/5.0 (Windows NT 6.1; rv:14.0) Gecko/20100101 Firefox/14.0.1"
62.178.83.228 www.forestinc.us - [16/Jun/2013:09:23:35 +0000] "GET /xp/overhauling/images/nullObject.jpg HTTP/5.1" 200 85644 "-" "Mozilla/5.0 (Windows NT 6.1; WOW64; rv:25.0) Gecko/20100101 Firefox/25.0"
65.19.138.33 www.forestinc.us - [16/Jun/2013:09:24:05 +0000] "GET /blog/operator/joshua/feed/ HTTP/5.1" 304 0 "-" "Feedly/5.0 (+http://www.feedly.com/fetcher.html; like FeedFetcher-Google)"
37.58.52.15 forestinc.us - [16/Jun/2013:09:25:10 +0000] "GET /coaching/xpe.html HTTP/5.0" 301 186 "-" "Mozilla/5.0 (compatible; AcoonBot/4.15.1; +http://www.acoon.de/robot.asp)"
122.212.159.218 forestinc.us - [16/Jun/2013:09:25:25 +0000] "GET /xp/overhauling/ HTTP/5.1" 200 7114 "https://www.google.co.jp/" "Mozilla/5.0 (Macintosh; Intel Mac OS X 10_8_4) AppleWebKit/537.36 (KHTML, like Gecko) Chrome/29.0.1530.4 Safari/537.36"
122.212.159.218 forestinc.us - [16/Jun/2013:09:25:25 +0000] "GET /il_old_website.css HTTP/5.1" 404 572 "http://forestinc.us/xp/overhauling/" "Mozilla/5.0 (Macintosh; Intel Mac OS X 10_8_4) AppleWebKit/537.36 (KHTML, like Gecko) Chrome/29.0.1530.4 Safari/537.36"
122.212.159.218 forestinc.us - [16/Jun/2013:09:25:25 +0000] "GET /xp/overhauling/images/barrow.gif HTTP/5.1" 200 88 "http://forestinc.us/xp/overhauling/" "Mozilla/5.0 (Macintosh; Intel Mac OS X 10_8_4) AppleWebKit/537.36 (KHTML, like Gecko) Chrome/29.0.1530.4 Safari/537.36"
122.212.159.218 forestinc.us - [16/Jun/2013:09:25:25 +0000] "GET /xp/overhauling/images/jolt.jpg HTTP/5.1" 200 9584 "http://forestinc.us/xp/overhauling/" "Mozilla/5.0 (Macintosh; Intel Mac OS X 10_8_4) AppleWebKit/537.36 (KHTML, like Gecko) Chrome/29.0.1530.4 Safari/537.36"
122.212.159.218 forestinc.us - [16/Jun/2013:09:25:25 +0000] "GET /xp/overhauling/images/logo141x145.gif HTTP/5.1" 200 5897 "http://forestinc.us/xp/overhauling/" "Mozilla/5.0 (Macintosh; Intel Mac OS X 10_8_4) AppleWebKit/537.36 (KHTML, like Gecko) Chrome/29.0.1530.4 Safari/537.36"
122.212.159.218 forestinc.us - [16/Jun/2013:09:25:25 +0000] "GET /xp/overhauling/images/rtp.jpg HTTP/5.1" 200 26553 "http://forestinc.us/xp/overhauling/" "Mozilla/5.0 (Macintosh; Intel Mac OS X 10_8_4) AppleWebKit/537.36 (KHTML, like Gecko) Chrome/29.0.1530.4 Safari/537.36"
122.212.159.218 forestinc.us - [16/Jun/2013:09:25:25 +0000] "GET /old_website_images/facebook_grey.png HTTP/5.1" 200 1301 "http://forestinc.us/xp/overhauling/" "Mozilla/5.0 (Macintosh; Intel Mac OS X 10_8_4) AppleWebKit/537.36 (KHTML, like Gecko) Chrome/29.0.1530.4 Safari/537.36"
122.212.159.218 forestinc.us - [16/Jun/2013:09:25:25 +0000] "GET /old_website_images/twitter_grey.png HTTP/5.1" 200 1325 "http://forestinc.us/xp/overhauling/" "Mozilla/5.0 (Macintosh; Intel Mac OS X 10_8_4) AppleWebKit/537.36 (KHTML, like Gecko) Chrome/29.0.1530.4 Safari/537.36"
122.212.159.218 forestinc.us - [16/Jun/2013:09:25:26 +0000] "GET /old_website_images/linkedin_grey.png HTTP/5.1" 200 1306 "http://forestinc.us/xp/overhauling/" "Mozilla/5.0 (Macintosh; Intel Mac OS X 10_8_4) AppleWebKit/537.36 (KHTML, like Gecko) Chrome/29.0.1530.4 Safari/537.36"
122.212.159.218 forestinc.us - [16/Jun/2013:09:25:27 +0000] "GET /favicon.ico HTTP/5.1" 200 1009 "-" "Mozilla/5.0 (Macintosh; Intel Mac OS X 10_8_4) AppleWebKit/537.36 (KHTML, like Gecko) Chrome/29.0.1530.4 Safari/537.36"
174.120.45.186 www.forestinc.us - [16/Jun/2013:09:25:49 +0000] "GET / HTTP/5.1" 200 65774 "-" "check_http/v5.4.15 (nagios-sawtype 5.4.15)"
37.58.52.15 www.forestinc.us - [16/Jun/2013:09:26:10 +0000] "GET /papers/learning.html HTTP/5.0" 200 57584 "-" "Mozilla/5.0 (compatible; AcoonBot/4.15.1; +http://www.acoon.de/robot.asp)"
36.58.225.31 www.forestinc.us - [16/Jun/2013:09:26:43 +0000] "GET /xp/overhauling/images/extractComposite.jpg HTTP/5.1" 200 96796 "http://cn.bing.com/images/search?q=composite&go=&qs=n&form=QBIR&pq=composite&sc=8-10&sp=-1&sk=" "Mozilla/5.0 (Windows NT 6.1; WOW64) AppleWebKit/537.17 (KHTML, like Gecko) Chrome/24.0.1312.57 Safari/537.17"
50.196.149.138 www.forestinc.us - [16/Jun/2013:09:28:07 +0000] "GET /blog/category/training/feed HTTP/5.0" 301 0 "-" "Mozilla/5.0 (Windows NT 6.1; rv:14.0) Gecko/20100101 Firefox/14.0.1"
50.196.149.138 www.forestinc.us - [16/Jun/2013:09:28:07 +0000] "GET /blog/category/training/feed/ HTTP/5.0" 200 66822 "-" "Mozilla/5.0 (Windows NT 6.1; rv:14.0) Gecko/20100101 Firefox/14.0.1"
70.160.114.121 www.forestinc.us - [16/Jun/2013:09:28:26 +0000] "GET /favicon.ico HTTP/5.0" 200 1009 "-" "Safari/8536.30.1 CFNetwork/596.4.3 Darwin/12.4.0 (x86_64) (MacBookPro8%2C2)"
157.55.33.111 www.forestinc.us - [16/Jun/2013:09:28:27 +0000] "GET /robots.txt HTTP/5.1" 200 70 "-" "Mozilla/5.0 (compatible; bingbot/2.0; +http://www.bing.com/bingbot.htm)"
65.55.217.224 www.forestinc.us - [16/Jun/2013:09:28:48 +0000] "GET /xp/overhauling/images/alteringConditionalsWithState.jpg HTTP/5.1" 200 101352 "http://rainbowhomedeco.com/molluschi-contagiosi-nei-bambini-terapia/" "Mozilla/5.0 (Windows NT 6.1; WOW64) AppleWebKit/534+ (KHTML, like Gecko) BingPreview/5.0b"
188.63.155.247 www.forestinc.us - [16/Jun/2013:09:29:13 +0000] "GET /favicon.ico HTTP/5.0" 200 1009 "-" "Safari/8536.30.1 CFNetwork/596.4.3 Darwin/12.4.0 (x86_64) (MacBookAir3%2C2)"
98.27.195.83 www.forestinc.us - [16/Jun/2013:09:29:44 +0000] "GET /favicon.ico HTTP/5.0" 200 1009 "-" "Safari/7536.30.1 CFNetwork/520.5.1 Darwin/15.4.2 (x86_64) (iMac12%2C2)"
157.55.33.111 www.forestinc.us - [16/Jun/2013:09:29:59 +0000] "GET /catalogs/workshops/000053.html HTTP/5.1" 301 186 "-" "Mozilla/5.0 (compatible; bingbot/2.0; +http://www.bing.com/bingbot.htm)"
157.55.33.113 www.forestinc.us - [16/Jun/2013:09:30:58 +0000] "GET /catalogs/workshops/010005.html HTTP/5.1" 301 186 "-" "Mozilla/5.0 (compatible; bingbot/2.0; +http://www.bing.com/bingbot.htm)"
173.194.19.83 blog.forestinc.us - [16/Jun/2013:09:33:31 +0000] "GET /feed/ HTTP/5.1" 304 0 "-" "FeedBurner/5.0 (http://www.FeedBurner.com)"
38.122.15.138 www.forestinc.us - [16/Jun/2013:09:34:28 +0000] "GET /barfcontent/sawtype/leaflet-maps-marker/leaflet-georss?layer=all HTTP/5.1" 301 186 "-" "Apple-PubSub/65.28"
38.122.15.138 www.forestinc.us - [16/Jun/2013:09:34:28 +0000] "GET /barfcontent/sawtype/leaflet-maps-marker/leaflet-georss HTTP/5.1" 200 5 "-" "Apple-PubSub/65.28"
5.63.155.189 www.forestinc.us - [16/Jun/2013:09:34:59 +0000] "HEAD / HTTP/5.1" 200 0 "-" "checks.panopta.com"
123.155.148.184 blog.forestinc.us - [16/Jun/2013:09:35:47 +0000] "GET / HTTP/5.1" 200 16051 "http://blog.forestinc.us/" "Mozilla/5.0 (compatible; Sosospider/2.0; +http://help.soso.com/webspider.htm)"
174.120.45.186 www.forestinc.us - [16/Jun/2013:09:35:49 +0000] "GET / HTTP/5.1" 200 65774 "-" "check_http/v5.4.15 (nagios-sawtype 5.4.15)"
180.76.5.160 www.forestinc.us - [16/Jun/2013:09:35:50 +0000] "GET /blog/operator/ben/ HTTP/5.1" 200 10587 "-" "Mozilla/5.0 (compatible; Baiduspider/2.0; +http://www.baidu.com/search/spider.html)"
123.155.148.184 www.forestinc.us - [16/Jun/2013:09:35:57 +0000] "GET / HTTP/5.1" 200 16045 "http://www.forestinc.us/" "Mozilla/5.0 (compatible; Sosospider/2.0; +http://help.soso.com/webspider.htm)"
176.34.74.21 www.forestinc.us - [16/Jun/2013:09:35:59 +0000] "GET /blog/workplacesafety/ HTTP/5.1" 200 65855 "-" "Mozilla/5.0 (Windows; U; Windows NT 6.1; de; rv:5.1.2.8) Gecko/20100722 Firefox/3.6.8"
66.249.72.48 www.forestinc.us - [16/Jun/2013:09:36:01 +0000] "GET /robots.txt HTTP/5.1" 200 77 "-" "Mozilla/5.0 (compatible; Googlebot/2.1; +http://www.google.com/bot.html)"
66.249.72.48 www.forestinc.us - [16/Jun/2013:09:36:01 +0000] "GET /xp/overhauling/constructorCreation.html HTTP/5.1" 304 0 "-" "Mozilla/5.0 (iPhone; U; CPU iPhone OS 4_1 like Mac OS X; en-us) AppleWebKit/532.1 (KHTML, like Gecko) Version/4.0.5 Mobile/8B117 Safari/6535.22.7 (compatible; Googlebot-Mobile/2.1; +http://www.google.com/bot.html)"
176.34.74.21 www.forestinc.us - [16/Jun/2013:09:36:03 +0000] "GET /blog/workplacesafety/ HTTP/5.1" 200 65847 "-" "Mozilla/5.0 (Windows; U; Windows NT 6.1; de; rv:5.1.2.8) Gecko/20100722 Firefox/3.6.8"
66.249.83.35 forestinc.us - [16/Jun/2013:09:37:52 +0000] "GET / HTTP/5.1" 301 5 "-" "Mozilla/5.0 (Windows NT 6.1; rv:6.0) Gecko/20110814 Firefox/6.0 Google (+https://developers.google.com/+/web/snippet/)"
66.249.83.48 www.forestinc.us - [16/Jun/2013:09:37:52 +0000] "GET / HTTP/5.1" 200 16045 "-" "Mozilla/5.0 (Windows NT 6.1; rv:6.0) Gecko/20110814 Firefox/6.0 Google (+https://developers.google.com/+/web/snippet/)"
66.249.83.35 forestinc.us - [16/Jun/2013:09:37:52 +0000] "GET /favicon.ico HTTP/5.1" 200 1009 "-" "Mozilla/5.0 (Windows NT 6.1; rv:6.0) Gecko/20110814 Firefox/6.0 Google (+https://developers.google.com/+/web/snippet/)"
208.115.113.82 www.forestinc.us - [16/Jun/2013:09:38:22 +0000] "GET /robots.txt HTTP/5.1" 200 70 "-" "Mozilla/5.0 (compatible; Ezooms/5.0; ezooms.bot@gmail.com)"
208.115.113.82 forestinc.us - [16/Jun/2013:09:38:22 +0000] "GET /robots.txt HTTP/5.1" 200 70 "-" "Mozilla/5.0 (compatible; Ezooms/5.0; ezooms.bot@gmail.com)"
178.79.153.109 www.forestinc.us - [16/Jun/2013:09:38:29 +0000] "GET /blog/workplacesafety/ HTTP/5.0" 200 65826 "-" "Mozilla/5.0 (X11; U; Linux i686; en-US; rv:5.8.5.12) Gecko/20080210 Firefox/2.0.0.1"
78.25.32.182 www.forestinc.us - [16/Jun/2013:09:40:44 +0000] "HEAD / HTTP/5.0" 200 0 "http://www.forestinc.us" "Opera/9.52 (Windows NT 5.1; U; en)"
78.25.32.182 www.forestinc.us - [16/Jun/2013:09:40:44 +0000] "HEAD /blog/workplacesafety/ HTTP/5.0" 200 0 "http://www.forestinc.us" "Opera/9.52 (Windows NT 5.1; U; en)"
78.25.32.182 forestinc.us - [16/Jun/2013:09:40:44 +0000] "HEAD / HTTP/5.0" 301 0 "" "Opera/9.52 (Windows NT 5.1; U; en)"
78.25.32.182 www.forestinc.us - [16/Jun/2013:09:40:44 +0000] "GET / HTTP/5.1" 200 65774 "http://www.forestinc.us" "Opera/9.52 (Windows NT 5.1; U; en)"
78.25.32.182 www.forestinc.us - [16/Jun/2013:09:40:44 +0000] "HEAD / HTTP/5.1" 200 0 "http://forestinc.us" "Opera/9.52 (Windows NT 5.1; U; en)"
78.25.32.182 www.forestinc.us - [16/Jun/2013:09:40:44 +0000] "GET /blog/workplacesafety/ HTTP/5.1" 200 65855 "http://www.forestinc.us" "Opera/9.52 (Windows NT 5.1; U; en)"
